Component: ARM Compiler 5.06 update 6 (build 750) Tool: armlink [4d35ed]

==============================================================================

Section Cross References

    startup_stm32f103xb.o(RESET) refers to startup_stm32f103xb.o(STACK) for __initial_sp
    startup_stm32f103xb.o(RESET) refers to startup_stm32f103xb.o(.text) for Reset_Handler
    startup_stm32f103xb.o(RESET) refers to stm32f1xx_it.o(i.NMI_Handler) for NMI_Handler
    startup_stm32f103xb.o(RESET) refers to stm32f1xx_it.o(i.HardFault_Handler) for HardFault_Handler
    startup_stm32f103xb.o(RESET) refers to stm32f1xx_it.o(i.MemManage_Handler) for MemManage_Handler
    startup_stm32f103xb.o(RESET) refers to stm32f1xx_it.o(i.BusFault_Handler) for BusFault_Handler
    startup_stm32f103xb.o(RESET) refers to stm32f1xx_it.o(i.UsageFault_Handler) for UsageFault_Handler
    startup_stm32f103xb.o(RESET) refers to port.o(.emb_text) for SVC_Handler
    startup_stm32f103xb.o(RESET) refers to stm32f1xx_it.o(i.DebugMon_Handler) for DebugMon_Handler
    startup_stm32f103xb.o(RESET) refers to port.o(i.SysTick_Handler) for SysTick_Handler
    startup_stm32f103xb.o(RESET) refers to stm32f1xx_it.o(i.DMA1_Channel6_IRQHandler) for DMA1_Channel6_IRQHandler
    startup_stm32f103xb.o(RESET) refers to stm32f1xx_it.o(i.DMA1_Channel7_IRQHandler) for DMA1_Channel7_IRQHandler
    startup_stm32f103xb.o(RESET) refers to stm32f1xx_it.o(i.ADC1_2_IRQHandler) for ADC1_2_IRQHandler
    startup_stm32f103xb.o(RESET) refers to stm32f1xx_it.o(i.TIM3_IRQHandler) for TIM3_IRQHandler
    startup_stm32f103xb.o(RESET) refers to stm32f1xx_it.o(i.TIM4_IRQHandler) for TIM4_IRQHandler
    startup_stm32f103xb.o(RESET) refers to stm32f1xx_it.o(i.I2C1_EV_IRQHandler) for I2C1_EV_IRQHandler
    startup_stm32f103xb.o(.text) refers to system_stm32f1xx.o(i.SystemInit) for SystemInit
    startup_stm32f103xb.o(.text) refers to entry.o(.ARM.Collect$$$$00000000) for __main
    hd44780.o(i.cursorShift) refers to hd44780.o(i.lcdWrite) for lcdWrite
    hd44780.o(i.lcd10usDelay) refers to system_stm32f1xx.o(.data) for SystemCoreClock
    hd44780.o(i.lcdBackSpace) refers to hd44780.o(i.cursorShift) for cursorShift
    hd44780.o(i.lcdBackSpace) refers to hd44780.o(i.lcdPutc) for lcdPutc
    hd44780.o(i.lcdClrScr) refers to hd44780.o(i.lcdWrite) for lcdWrite
    hd44780.o(i.lcdClrScr) refers to hd44780.o(i.lcd10usDelay) for lcd10usDelay
    hd44780.o(i.lcdConfig) refers to hd44780.o(i.lcdHigh) for lcdHigh
    hd44780.o(i.lcdConfig) refers to hd44780.o(i.lcdStrobe) for lcdStrobe
    hd44780.o(i.lcdConfig) refers to hd44780.o(i.lcd10usDelay) for lcd10usDelay
    hd44780.o(i.lcdConfig) refers to hd44780.o(i.lcdLow) for lcdLow
    hd44780.o(i.lcdDrawChar) refers to hd44780.o(i.lcdLoadChar) for lcdLoadChar
    hd44780.o(i.lcdDrawChar) refers to hd44780.o(i.lcdGoto) for lcdGoto
    hd44780.o(i.lcdDrawChar) refers to hd44780.o(i.lcdPutc) for lcdPutc
    hd44780.o(i.lcdFtos) refers to f2d.o(.text) for __aeabi_f2d
    hd44780.o(i.lcdFtos) refers to cdcmple.o(.text) for __aeabi_cdcmple
    hd44780.o(i.lcdFtos) refers to hd44780.o(i.lcdPutc) for lcdPutc
    hd44780.o(i.lcdFtos) refers to ffixi.o(.text) for __aeabi_f2iz
    hd44780.o(i.lcdFtos) refers to hd44780.o(i.lcdItos) for lcdItos
    hd44780.o(i.lcdFtos) refers to hd44780.o(i.lcdPow10) for lcdPow10
    hd44780.o(i.lcdFtos) refers to ffltui.o(.text) for __aeabi_ui2f
    hd44780.o(i.lcdFtos) refers to fmul.o(.text) for __aeabi_fmul
    hd44780.o(i.lcdFtos) refers to ffixui.o(.text) for __aeabi_f2uiz
    hd44780.o(i.lcdFtos) refers to hd44780.o(i.lcdNtos) for lcdNtos
    hd44780.o(i.lcdGoto) refers to hd44780.o(i.lcdWrite) for lcdWrite
    hd44780.o(i.lcdInit) refers to hd44780.o(i.lcdGpioInit) for lcdGpioInit
    hd44780.o(i.lcdInit) refers to hd44780.o(i.lcdWrite) for lcdWrite
    hd44780.o(i.lcdInit) refers to hd44780.o(i.lcd10usDelay) for lcd10usDelay
    hd44780.o(i.lcdInit) refers to hd44780.o(i.lcdConfig) for lcdConfig
    hd44780.o(i.lcdInit) refers to hd44780.o(i.lcdSetMode) for lcdSetMode
    hd44780.o(i.lcdInit) refers to hd44780.o(i.lcdClrScr) for lcdClrScr
    hd44780.o(i.lcdInit) refers to hd44780.o(i.lcdReturn) for lcdReturn
    hd44780.o(i.lcdItos) refers to hd44780.o(i.lcdPutc) for lcdPutc
    hd44780.o(i.lcdLoadChar) refers to hd44780.o(i.lcdGoto) for lcdGoto
    hd44780.o(i.lcdLoadChar) refers to hd44780.o(i.lcdPutc) for lcdPutc
    hd44780.o(i.lcdNtos) refers to hd44780.o(i.lcdPow10) for lcdPow10
    hd44780.o(i.lcdNtos) refers to hd44780.o(i.lcdPutc) for lcdPutc
    hd44780.o(i.lcdPutc) refers to hd44780.o(i.lcdWrite) for lcdWrite
    hd44780.o(i.lcdPutc) refers to hd44780.o(i.lcd10usDelay) for lcd10usDelay
    hd44780.o(i.lcdPuts) refers to hd44780.o(i.lcdGoto) for lcdGoto
    hd44780.o(i.lcdPuts) refers to hd44780.o(i.lcdReturn) for lcdReturn
    hd44780.o(i.lcdPuts) refers to hd44780.o(i.cursorShift) for cursorShift
    hd44780.o(i.lcdPuts) refers to hd44780.o(i.lcdPutc) for lcdPutc
[...]
    .text                                    0x08000198   Section       36  startup_stm32f103xb.o(.text)
    .text                                    0x080001bc   Section        0  llushr.o(.text)
    .text                                    0x080001dc   Section        0  memcpya.o(.text)
    .text                                    0x08000200   Section        0  memseta.o(.text)
    .text                                    0x08000224   Section        0  fmul.o(.text)
    .text                                    0x08000288   Section        0  dadd.o(.text)
    .text                                    0x080003d6   Section        0  dmul.o(.text)
    .text                                    0x080004ba   Section        0  ffltui.o(.text)
    .text                                    0x080004c4   Section        0  ffixui.o(.text)
    .text                                    0x080004ec   Section        0  dfixui.o(.text)
    .text                                    0x0800051e   Section        0  f2d.o(.text)
    .text                                    0x08000544   Section       48  cdcmple.o(.text)
    .text                                    0x08000574   Section       48  cdrcmple.o(.text)
    .text                                    0x080005a4   Section        0  d2f.o(.text)
    .text                                    0x080005dc   Section        0  uidiv.o(.text)
    .text                                    0x08000608   Section        0  llshl.o(.text)
    .text                                    0x08000626   Section        0  llsshr.o(.text)
    .text                                    0x0800064a   Section        0  fepilogue.o(.text)
    .text                                    0x0800064a   Section        0  iusefp.o(.text)
    .text                                    0x080006b8   Section        0  depilogue.o(.text)
    .text                                    0x08000774   Section       36  init.o(.text)
    i.ADC1_2_IRQHandler                      0x08000798   Section        0  stm32f1xx_it.o(i.ADC1_2_IRQHandler)
    i.ADC_ConversionStop_Disable             0x080007a8   Section        0  stm32f1xx_hal_adc.o(i.ADC_ConversionStop_Disable)
    i.ADC_Enable                             0x080007fc   Section        0  stm32f1xx_hal_adc.o(i.ADC_Enable)
    i.BusFault_Handler                       0x08000880   Section        0  stm32f1xx_it.o(i.BusFault_Handler)
    i.DMA1_Channel6_IRQHandler               0x08000884   Section        0  stm32f1xx_it.o(i.DMA1_Channel6_IRQHandler)
    i.DMA1_Channel7_IRQHandler               0x08000894   Section        0  stm32f1xx_it.o(i.DMA1_Channel7_IRQHandler)
    i.DMA_SetConfig                          0x080008a4   Section        0  stm32f1xx_hal_dma.o(i.DMA_SetConfig)
    DMA_SetConfig                            0x080008a5   Thumb Code    44  stm32f1xx_hal_dma.o(i.DMA_SetConfig)
    i.DebugMon_Handler                       0x080008d0   Section        0  stm32f1xx_it.o(i.DebugMon_Handler)
    i.Error_Handler                          0x080008d2   Section        0  main.o(i.Error_Handler)
    i.HAL_ADCEx_InjectedConvCpltCallback     0x080008d4   Section        0  stm32f1xx_hal_adc_ex.o(i.HAL_ADCEx_InjectedConvCpltCallback)
    i.HAL_ADC_ConfigChannel                  0x080008d8   Section        0  stm32f1xx_hal_adc.o(i.HAL_ADC_ConfigChannel)
    i.HAL_ADC_ConvCpltCallback               0x08000a38   Section        0  stm32f1xx_hal_adc.o(i.HAL_ADC_ConvCpltCallback)
    i.HAL_ADC_GetValue                       0x08000a3a   Section        0  stm32f1xx_hal_adc.o(i.HAL_ADC_GetValue)
    i.HAL_ADC_IRQHandler                     0x08000a42   Section        0  stm32f1xx_hal_adc.o(i.HAL_ADC_IRQHandler)
    i.HAL_ADC_Init                           0x08000b64   Section        0  stm32f1xx_hal_adc.o(i.HAL_ADC_Init)
    i.HAL_ADC_LevelOutOfWindowCallback       0x08000ca8   Section        0  stm32f1xx_hal_adc.o(i.HAL_ADC_LevelOutOfWindowCallback)
    i.HAL_ADC_MspInit                        0x08000cac   Section        0  stm32f1xx_hal_msp.o(i.HAL_ADC_MspInit)
    i.HAL_ADC_PollForConversion              0x08000d2c   Section        0  stm32f1xx_hal_adc.o(i.HAL_ADC_PollForConversion)
    i.HAL_ADC_Start                          0x08000e9c   Section        0  stm32f1xx_hal_adc.o(i.HAL_ADC_Start)
    i.HAL_DMA_Abort_IT                       0x08000fcc   Section        0  stm32f1xx_hal_dma.o(i.HAL_DMA_Abort_IT)
    i.HAL_DMA_IRQHandler                     0x0800107c   Section        0  stm32f1xx_hal_dma.o(i.HAL_DMA_IRQHandler)
    i.HAL_DMA_Init                           0x08001218   Section        0  stm32f1xx_hal_dma.o(i.HAL_DMA_Init)
    i.HAL_DMA_Start_IT                       0x08001280   Section        0  stm32f1xx_hal_dma.o(i.HAL_DMA_Start_IT)
    i.HAL_GPIO_Init                          0x0800131c   Section        0  stm32f1xx_hal_gpio.o(i.HAL_GPIO_Init)
    i.HAL_GPIO_TogglePin                     0x08001638   Section        0  stm32f1xx_hal_gpio.o(i.HAL_GPIO_TogglePin)
    i.HAL_GPIO_WritePin                      0x08001640   Section        0  stm32f1xx_hal_gpio.o(i.HAL_GPIO_WritePin)
    i.HAL_GetTick                            0x0800164c   Section        0  stm32f1xx_hal.o(i.HAL_GetTick)
    i.HAL_I2C_AbortCpltCallback              0x08001658   Section        0  stm32f1xx_hal_i2c.o(i.HAL_I2C_AbortCpltCallback)
    i.HAL_I2C_AddrCallback                   0x0800165a   Section        0  stm32f1xx_hal_i2c.o(i.HAL_I2C_AddrCallback)
    i.HAL_I2C_EV_IRQHandler                  0x0800165c   Section        0  stm32f1xx_hal_i2c.o(i.HAL_I2C_EV_IRQHandler)
    i.HAL_I2C_ErrorCallback                  0x080017d4   Section        0  stm32f1xx_hal_i2c.o(i.HAL_I2C_ErrorCallback)
    i.HAL_I2C_Init                           0x080017d8   Section        0  stm32f1xx_hal_i2c.o(i.HAL_I2C_Init)
    i.HAL_I2C_ListenCpltCallback             0x08001954   Section        0  stm32f1xx_hal_i2c.o(i.HAL_I2C_ListenCpltCallback)
    i.HAL_I2C_MasterRxCpltCallback           0x08001956   Section        0  stm32f1xx_hal_i2c.o(i.HAL_I2C_MasterRxCpltCallback)
    i.HAL_I2C_MasterTxCpltCallback           0x08001958   Section        0  main.o(i.HAL_I2C_MasterTxCpltCallback)
    i.HAL_I2C_Master_Transmit_DMA            0x0800195c   Section        0  stm32f1xx_hal_i2c.o(i.HAL_I2C_Master_Transmit_DMA)
    i.HAL_I2C_MemRxCpltCallback              0x08001ac8   Section        0  stm32f1xx_hal_i2c.o(i.HAL_I2C_MemRxCpltCallback)
    i.HAL_I2C_MemTxCpltCallback              0x08001aca   Section        0  stm32f1xx_hal_i2c.o(i.HAL_I2C_MemTxCpltCallback)
    i.HAL_I2C_MspInit                        0x08001acc   Section        0  stm32f1xx_hal_msp.o(i.HAL_I2C_MspInit)
    i.HAL_I2C_SlaveRxCpltCallback            0x08001bc4   Section        0  stm32f1xx_hal_i2c.o(i.HAL_I2C_SlaveRxCpltCallback)
    i.HAL_I2C_SlaveTxCpltCallback            0x08001bc6   Section        0  stm32f1xx_hal_i2c.o(i.HAL_I2C_SlaveTxCpltCallback)
    i.HAL_IncTick                            0x08001bc8   Section        0  stm32f1xx_hal.o(i.HAL_IncTick)
    i.HAL_Init                               0x08001be0   Section        0  stm32f1xx_hal.o(i.HAL_Init)
    i.HAL_InitTick                           0x08001c08   Section        0  stm32f1xx_hal_timebase_tim.o(i.HAL_InitTick)
    i.HAL_MspInit                            0x08001c90   Section        0  stm32f1xx_hal_msp.o(i.HAL_MspInit)
    i.HAL_NVIC_EnableIRQ                     0x08001cf0   Section        0  stm32f1xx_hal_cortex.o(i.HAL_NVIC_EnableIRQ)
    i.HAL_NVIC_SetPriority                   0x08001d0a   Section        0  stm32f1xx_hal_cortex.o(i.HAL_NVIC_SetPriority)
    i.HAL_NVIC_SetPriorityGrouping           0x08001d88   Section        0  stm32f1xx_hal_cortex.o(i.HAL_NVIC_SetPriorityGrouping)
    i.HAL_RCCEx_GetPeriphCLKFreq             0x08001db0   Section        0  stm32f1xx_hal_rcc_ex.o(i.HAL_RCCEx_GetPeriphCLKFreq)
    i.HAL_RCCEx_PeriphCLKConfig              0x08001ed0   Section        0  stm32f1xx_hal_rcc_ex.o(i.HAL_RCCEx_PeriphCLKConfig)
    i.HAL_RCC_ClockConfig                    0x08002000   Section        0  stm32f1xx_hal_rcc.o(i.HAL_RCC_ClockConfig)
    i.HAL_RCC_GetClockConfig                 0x080021d0   Section        0  stm32f1xx_hal_rcc.o(i.HAL_RCC_GetClockConfig)
    i.HAL_RCC_GetHCLKFreq                    0x08002214   Section        0  stm32f1xx_hal_rcc.o(i.HAL_RCC_GetHCLKFreq)
    i.HAL_RCC_GetPCLK1Freq                   0x08002220   Section        0  stm32f1xx_hal_rcc.o(i.HAL_RCC_GetPCLK1Freq)
    i.HAL_RCC_GetPCLK2Freq                   0x08002240   Section        0  stm32f1xx_hal_rcc.o(i.HAL_RCC_GetPCLK2Freq)
    i.HAL_RCC_GetSysClockFreq                0x08002260   Section        0  stm32f1xx_hal_rcc.o(i.HAL_RCC_GetSysClockFreq)
    i.HAL_RCC_OscConfig                      0x080022f4   Section        0  stm32f1xx_hal_rcc.o(i.HAL_RCC_OscConfig)
    i.HAL_TIMEx_BreakCallback                0x08002734   Section        0  stm32f1xx_hal_tim_ex.o(i.HAL_TIMEx_BreakCallback)
    i.HAL_TIMEx_CommutationCallback          0x08002736   Section        0  stm32f1xx_hal_tim_ex.o(i.HAL_TIMEx_CommutationCallback)
    i.HAL_TIMEx_MasterConfigSynchronization  0x08002738   Section        0  stm32f1xx_hal_tim_ex.o(i.HAL_TIMEx_MasterConfigSynchronization)
    i.HAL_TIM_Base_Init                      0x0800279a   Section        0  stm32f1xx_hal_tim.o(i.HAL_TIM_Base_Init)
    i.HAL_TIM_Base_MspInit                   0x080027d0   Section        0  stm32f1xx_hal_msp.o(i.HAL_TIM_Base_MspInit)
    i.HAL_TIM_Base_Start_IT                  0x08002814   Section        0  stm32f1xx_hal_tim.o(i.HAL_TIM_Base_Start_IT)
    i.HAL_TIM_ConfigClockSource              0x08002832   Section        0  stm32f1xx_hal_tim.o(i.HAL_TIM_ConfigClockSource)
    i.HAL_TIM_IC_CaptureCallback             0x08002964   Section        0  stm32f1xx_hal_tim.o(i.HAL_TIM_IC_CaptureCallback)
    i.HAL_TIM_IRQHandler                     0x08002966   Section        0  stm32f1xx_hal_tim.o(i.HAL_TIM_IRQHandler)
    i.HAL_TIM_OC_DelayElapsedCallback        0x08002afc   Section        0  stm32f1xx_hal_tim.o(i.HAL_TIM_OC_DelayElapsedCallback)
    i.HAL_TIM_PWM_PulseFinishedCallback      0x08002afe   Section        0  stm32f1xx_hal_tim.o(i.HAL_TIM_PWM_PulseFinishedCallback)
    i.HAL_TIM_PeriodElapsedCallback          0x08002b00   Section        0  main.o(i.HAL_TIM_PeriodElapsedCallback)
    i.HAL_TIM_TriggerCallback                0x08002c0c   Section        0  stm32f1xx_hal_tim.o(i.HAL_TIM_TriggerCallback)
    i.HardFault_Handler                      0x08002c0e   Section        0  stm32f1xx_it.o(i.HardFault_Handler)
    i.I2C1_EV_IRQHandler                     0x08002c14   Section        0  stm32f1xx_it.o(i.I2C1_EV_IRQHandler)
    i.I2C_DMAAbort                           0x08002c24   Section        0  stm32f1xx_hal_i2c.o(i.I2C_DMAAbort)
    I2C_DMAAbort                             0x08002c25   Thumb Code   104  stm32f1xx_hal_i2c.o(i.I2C_DMAAbort)
    i.I2C_DMAError                           0x08002c8c   Section        0  stm32f1xx_hal_i2c.o(i.I2C_DMAError)
    I2C_DMAError                             0x08002c8d   Thumb Code    50  stm32f1xx_hal_i2c.o(i.I2C_DMAError)
    i.I2C_DMAXferCplt                        0x08002cbe   Section        0  stm32f1xx_hal_i2c.o(i.I2C_DMAXferCplt)
    I2C_DMAXferCplt                          0x08002cbf   Thumb Code   166  stm32f1xx_hal_i2c.o(i.I2C_DMAXferCplt)
    i.I2C_ITError                            0x08002d64   Section        0  stm32f1xx_hal_i2c.o(i.I2C_ITError)
    I2C_ITError                              0x08002d65   Thumb Code   358  stm32f1xx_hal_i2c.o(i.I2C_ITError)
    i.I2C_MasterReceive_BTF                  0x08002ed4   Section        0  stm32f1xx_hal_i2c.o(i.I2C_MasterReceive_BTF)
    I2C_MasterReceive_BTF                    0x08002ed5   Thumb Code   258  stm32f1xx_hal_i2c.o(i.I2C_MasterReceive_BTF)
    i.I2C_MasterReceive_RXNE                 0x08002fd6   Section        0  stm32f1xx_hal_i2c.o(i.I2C_MasterReceive_RXNE)
    I2C_MasterReceive_RXNE                   0x08002fd7   Thumb Code   222  stm32f1xx_hal_i2c.o(i.I2C_MasterReceive_RXNE)
    i.I2C_MasterTransmit_BTF                 0x080030b4   Section        0  stm32f1xx_hal_i2c.o(i.I2C_MasterTransmit_BTF)
    I2C_MasterTransmit_BTF                   0x080030b5   Thumb Code   160  stm32f1xx_hal_i2c.o(i.I2C_MasterTransmit_BTF)
    i.I2C_MasterTransmit_TXE                 0x08003154   Section        0  stm32f1xx_hal_i2c.o(i.I2C_MasterTransmit_TXE)
    I2C_MasterTransmit_TXE                   0x08003155   Thumb Code   330  stm32f1xx_hal_i2c.o(i.I2C_MasterTransmit_TXE)
    i.I2C_Master_ADD10                       0x0800329e   Section        0  stm32f1xx_hal_i2c.o(i.I2C_Master_ADD10)
    I2C_Master_ADD10                         0x0800329f   Thumb Code    14  stm32f1xx_hal_i2c.o(i.I2C_Master_ADD10)
    i.I2C_Master_ADDR                        0x080032ac   Section        0  stm32f1xx_hal_i2c.o(i.I2C_Master_ADDR)
    I2C_Master_ADDR                          0x080032ad   Thumb Code   582  stm32f1xx_hal_i2c.o(i.I2C_Master_ADDR)
    i.I2C_Master_SB                          0x080034f2   Section        0  stm32f1xx_hal_i2c.o(i.I2C_Master_SB)
    I2C_Master_SB                            0x080034f3   Thumb Code   130  stm32f1xx_hal_i2c.o(i.I2C_Master_SB)
    i.I2C_SlaveReceive_BTF                   0x08003574   Section        0  stm32f1xx_hal_i2c.o(i.I2C_SlaveReceive_BTF)
    I2C_SlaveReceive_BTF                     0x08003575   Thumb Code    30  stm32f1xx_hal_i2c.o(i.I2C_SlaveReceive_BTF)
    i.I2C_SlaveReceive_RXNE                  0x08003592   Section        0  stm32f1xx_hal_i2c.o(i.I2C_SlaveReceive_RXNE)
    I2C_SlaveReceive_RXNE                    0x08003593   Thumb Code    72  stm32f1xx_hal_i2c.o(i.I2C_SlaveReceive_RXNE)
    i.I2C_SlaveTransmit_BTF                  0x080035da   Section        0  stm32f1xx_hal_i2c.o(i.I2C_SlaveTransmit_BTF)
    I2C_SlaveTransmit_BTF                    0x080035db   Thumb Code    28  stm32f1xx_hal_i2c.o(i.I2C_SlaveTransmit_BTF)
    i.I2C_SlaveTransmit_TXE                  0x080035f6   Section        0  stm32f1xx_hal_i2c.o(i.I2C_SlaveTransmit_TXE)
    I2C_SlaveTransmit_TXE                    0x080035f7   Thumb Code    70  stm32f1xx_hal_i2c.o(i.I2C_SlaveTransmit_TXE)
    i.I2C_Slave_ADDR                         0x0800363c   Section        0  stm32f1xx_hal_i2c.o(i.I2C_Slave_ADDR)
    I2C_Slave_ADDR                           0x0800363d   Thumb Code    54  stm32f1xx_hal_i2c.o(i.I2C_Slave_ADDR)
    i.I2C_Slave_STOPF                        0x08003674   Section        0  stm32f1xx_hal_i2c.o(i.I2C_Slave_STOPF)
    I2C_Slave_STOPF                          0x08003675   Thumb Code   268  stm32f1xx_hal_i2c.o(i.I2C_Slave_STOPF)
    i.MX_ADC1_Init                           0x08003784   Section        0  main.o(i.MX_ADC1_Init)
    MX_ADC1_Init                             0x08003785   Thumb Code    82  main.o(i.MX_ADC1_Init)
    i.MX_DMA_Init                            0x080037e0   Section        0  main.o(i.MX_DMA_Init)
    MX_DMA_Init                              0x080037e1   Thumb Code    64  main.o(i.MX_DMA_Init)
    i.MX_GPIO_Init                           0x08003824   Section        0  main.o(i.MX_GPIO_Init)
    MX_GPIO_Init                             0x08003825   Thumb Code   222  main.o(i.MX_GPIO_Init)
    i.MX_I2C1_Init                           0x08003910   Section        0  main.o(i.MX_I2C1_Init)
    MX_I2C1_Init                             0x08003911   Thumb Code    48  main.o(i.MX_I2C1_Init)
    i.MX_TIM3_Init                           0x0800394c   Section        0  main.o(i.MX_TIM3_Init)
    MX_TIM3_Init                             0x0800394d   Thumb Code    98  main.o(i.MX_TIM3_Init)
    i.MemManage_Handler                      0x080039b8   Section        0  stm32f1xx_it.o(i.MemManage_Handler)
    i.NMI_Handler                            0x080039bc   Section        0  stm32f1xx_it.o(i.NMI_Handler)
    i.NVIC_GetPriorityGrouping               0x080039c0   Section        0  stm32f1xx_hal_cortex.o(i.NVIC_GetPriorityGrouping)
    NVIC_GetPriorityGrouping                 0x080039c1   Thumb Code    10  stm32f1xx_hal_cortex.o(i.NVIC_GetPriorityGrouping)
    i.NVIC_SetPriority                       0x080039d0   Section        0  stm32f1xx_hal_cortex.o(i.NVIC_SetPriority)
    NVIC_SetPriority                         0x080039d1   Thumb Code    32  stm32f1xx_hal_cortex.o(i.NVIC_SetPriority)
    i.RCC_Delay                              0x080039f8   Section        0  stm32f1xx_hal_rcc.o(i.RCC_Delay)
    RCC_Delay                                0x080039f9   Thumb Code    36  stm32f1xx_hal_rcc.o(i.RCC_Delay)
    i.StartButtonsTask                       0x08003a20   Section        0  main.o(i.StartButtonsTask)
    i.StartDefaultTask                       0x08003f9c   Section        0  main.o(i.StartDefaultTask)
    i.SysTick_Handler                        0x08003fb0   Section        0  port.o(i.SysTick_Handler)
    i.SystemClock_Config                     0x08003fe4   Section        0  main.o(i.SystemClock_Config)
    i.SystemInit                             0x08004068   Section        0  system_stm32f1xx.o(i.SystemInit)
    i.TIM3_IRQHandler                        0x080040c0   Section        0  stm32f1xx_it.o(i.TIM3_IRQHandler)
    i.TIM4_IRQHandler                        0x080040d0   Section        0  stm32f1xx_it.o(i.TIM4_IRQHandler)
    i.TIM_Base_SetConfig                     0x080040e0   Section        0  stm32f1xx_hal_tim.o(i.TIM_Base_SetConfig)
    i.TIM_ETR_SetConfig                      0x08004154   Section        0  stm32f1xx_hal_tim.o(i.TIM_ETR_SetConfig)
    TIM_ETR_SetConfig                        0x08004155   Thumb Code    24  stm32f1xx_hal_tim.o(i.TIM_ETR_SetConfig)
    i.TIM_ITRx_SetConfig                     0x0800416c   Section        0  stm32f1xx_hal_tim.o(i.TIM_ITRx_SetConfig)
    TIM_ITRx_SetConfig                       0x0800416d   Thumb Code    20  stm32f1xx_hal_tim.o(i.TIM_ITRx_SetConfig)
    i.TIM_TI1_ConfigInputStage               0x08004180   Section        0  stm32f1xx_hal_tim.o(i.TIM_TI1_ConfigInputStage)
    TIM_TI1_ConfigInputStage                 0x08004181   Thumb Code    42  stm32f1xx_hal_tim.o(i.TIM_TI1_ConfigInputStage)
    i.TIM_TI2_ConfigInputStage               0x080041aa   Section        0  stm32f1xx_hal_tim.o(i.TIM_TI2_ConfigInputStage)
    TIM_TI2_ConfigInputStage                 0x080041ab   Thumb Code    44  stm32f1xx_hal_tim.o(i.TIM_TI2_ConfigInputStage)
    i.UsageFault_Handler                     0x080041d6   Section        0  stm32f1xx_it.o(i.UsageFault_Handler)
    i.__0sprintf$6                           0x080041dc   Section        0  printf6.o(i.__0sprintf$6)
    i.__scatterload_copy                     0x08004204   Section       14  handlers.o(i.__scatterload_copy)
    i.__scatterload_null                     0x08004212   Section        2  handlers.o(i.__scatterload_null)
    i.__scatterload_zeroinit                 0x08004214   Section       14  handlers.o(i.__scatterload_zeroinit)
    i._printf_core                           0x08004224   Section        0  printf6.o(i._printf_core)
    _printf_core                             0x08004225   Thumb Code   748  printf6.o(i._printf_core)
    i._printf_post_padding                   0x08004514   Section        0  printf6.o(i._printf_post_padding)
    _printf_post_padding                     0x08004515   Thumb Code    36  printf6.o(i._printf_post_padding)
    i._printf_pre_padding                    0x08004538   Section        0  printf6.o(i._printf_pre_padding)
    _printf_pre_padding                      0x08004539   Thumb Code    46  printf6.o(i._printf_pre_padding)
    i._sputc                                 0x08004566   Section        0  printf6.o(i._sputc)
    _sputc                                   0x08004567   Thumb Code    10  printf6.o(i._sputc)
    i.cursorShift                            0x08004570   Section        0  hd44780.o(i.cursorShift)
    i.lcd10usDelay                           0x080045a4   Section        0  hd44780.o(i.lcd10usDelay)
    lcd10usDelay                             0x080045a5   Thumb Code    34  hd44780.o(i.lcd10usDelay)
    i.lcdClrScr                              0x080045d0   Section        0  hd44780.o(i.lcdClrScr)
    i.lcdConfig                              0x080045f0   Section        0  hd44780.o(i.lcdConfig)
    lcdConfig                                0x080045f1   Thumb Code    60  hd44780.o(i.lcdConfig)
    i.lcdGoto                                0x08004630   Section        0  hd44780.o(i.lcdGoto)
    i.lcdGpioInit                            0x0800468c   Section        0  hd44780.o(i.lcdGpioInit)
    i.lcdHigh                                0x08004690   Section        0  hd44780.o(i.lcdHigh)
    lcdHigh                                  0x08004691   Thumb Code   130  hd44780.o(i.lcdHigh)
    i.lcdInit                                0x08004718   Section        0  hd44780.o(i.lcdInit)
    i.lcdLow                                 0x08004758   Section        0  hd44780.o(i.lcdLow)
    lcdLow                                   0x08004759   Thumb Code   130  hd44780.o(i.lcdLow)
    i.lcdPutc                                0x080047e0   Section        0  hd44780.o(i.lcdPutc)
    i.lcdPuts                                0x08004804   Section        0  hd44780.o(i.lcdPuts)
    i.lcdReturn                              0x08004850   Section        0  hd44780.o(i.lcdReturn)
    i.lcdSetMode                             0x08004870   Section        0  hd44780.o(i.lcdSetMode)
    i.lcdStrobe                              0x0800488c   Section        0  hd44780.o(i.lcdStrobe)
    lcdStrobe                                0x0800488d   Thumb Code    34  hd44780.o(i.lcdStrobe)
    i.lcdWrite                               0x080048b4   Section        0  hd44780.o(i.lcdWrite)
    lcdWrite                                 0x080048b5   Thumb Code    32  hd44780.o(i.lcdWrite)
    i.main                                   0x080048d4   Section        0  main.o(i.main)
    i.makeFreeRtosPriority                   0x08004934   Section        0  cmsis_os.o(i.makeFreeRtosPriority)
    makeFreeRtosPriority                     0x08004935   Thumb Code    14  cmsis_os.o(i.makeFreeRtosPriority)
    i.osDelay                                0x08004942   Section        0  cmsis_os.o(i.osDelay)
    i.osKernelStart                          0x0800495a   Section        0  cmsis_os.o(i.osKernelStart)
    i.osThreadCreate                         0x08004964   Section        0  cmsis_os.o(i.osThreadCreate)
    i.prvAddCurrentTaskToDelayedList         0x08004994   Section        0  tasks.o(i.prvAddCurrentTaskToDelayedList)
    prvAddCurrentTaskToDelayedList           0x08004995   Thumb Code   124  tasks.o(i.prvAddCurrentTaskToDelayedList)
    i.prvAddNewTaskToReadyList               0x08004a2c   Section        0  tasks.o(i.prvAddNewTaskToReadyList)
    prvAddNewTaskToReadyList                 0x08004a2d   Thumb Code   150  tasks.o(i.prvAddNewTaskToReadyList)
    i.prvCheckTasksWaitingTermination        0x08004ae0   Section        0  tasks.o(i.prvCheckTasksWaitingTermination)
    prvCheckTasksWaitingTermination          0x08004ae1   Thumb Code    86  tasks.o(i.prvCheckTasksWaitingTermination)
    i.prvDeleteTCB                           0x08004b44   Section        0  tasks.o(i.prvDeleteTCB)
    prvDeleteTCB                             0x08004b45   Thumb Code    18  tasks.o(i.prvDeleteTCB)
    i.prvHeapInit                            0x08004b58   Section        0  heap_4.o(i.prvHeapInit)
    prvHeapInit                              0x08004b59   Thumb Code    98  heap_4.o(i.prvHeapInit)
    i.prvIdleTask                            0x08004bd4   Section        0  tasks.o(i.prvIdleTask)
    prvIdleTask                              0x08004bd5   Thumb Code    32  tasks.o(i.prvIdleTask)
    i.prvInitialiseNewTask                   0x08004bfc   Section        0  tasks.o(i.prvInitialiseNewTask)
    prvInitialiseNewTask                     0x08004bfd   Thumb Code   170  tasks.o(i.prvInitialiseNewTask)
    i.prvInitialiseTaskLists                 0x08004ca8   Section        0  tasks.o(i.prvInitialiseTaskLists)
    prvInitialiseTaskLists                   0x08004ca9   Thumb Code    70  tasks.o(i.prvInitialiseTaskLists)
    i.prvInsertBlockIntoFreeList             0x08004d10   Section        0  heap_4.o(i.prvInsertBlockIntoFreeList)
    prvInsertBlockIntoFreeList               0x08004d11   Thumb Code    96  heap_4.o(i.prvInsertBlockIntoFreeList)
    i.prvResetNextTaskUnblockTime            0x08004d78   Section        0  tasks.o(i.prvResetNextTaskUnblockTime)
    prvResetNextTaskUnblockTime              0x08004d79   Thumb Code    42  tasks.o(i.prvResetNextTaskUnblockTime)
    i.prvTaskExitError                       0x08004dac   Section        0  port.o(i.prvTaskExitError)
    prvTaskExitError                         0x08004dad   Thumb Code    60  port.o(i.prvTaskExitError)
    i.pvPortMalloc                           0x08004dec   Section        0  heap_4.o(i.pvPortMalloc)
    i.pxPortInitialiseStack                  0x08004f28   Section        0  port.o(i.pxPortInitialiseStack)
    i.uxListRemove                           0x08004f4c   Section        0  list.o(i.uxListRemove)
    i.vListInitialise                        0x08004f74   Section        0  list.o(i.vListInitialise)
    i.vListInitialiseItem                    0x08004f8e   Section        0  list.o(i.vListInitialiseItem)
    i.vListInsert                            0x08004f94   Section        0  list.o(i.vListInsert)
    i.vListInsertEnd                         0x08004fc8   Section        0  list.o(i.vListInsertEnd)
    i.vPortEnterCritical                     0x08004fe0   Section        0  port.o(i.vPortEnterCritical)
    i.vPortExitCritical                      0x08005034   Section        0  port.o(i.vPortExitCritical)
    i.vPortFree                              0x08005070   Section        0  heap_4.o(i.vPortFree)
    i.vPortSetupTimerInterrupt               0x08005104   Section        0  port.o(i.vPortSetupTimerInterrupt)
    i.vTaskDelay                             0x08005124   Section        0  tasks.o(i.vTaskDelay)
    i.vTaskStartScheduler                    0x08005180   Section        0  tasks.o(i.vTaskStartScheduler)
    i.vTaskSuspendAll                        0x08005208   Section        0  tasks.o(i.vTaskSuspendAll)
    i.vTaskSwitchContext                     0x08005218   Section        0  tasks.o(i.vTaskSwitchContext)
    i.xPortStartScheduler                    0x080052a4   Section        0  port.o(i.xPortStartScheduler)
    i.xTaskCreate                            0x08005344   Section        0  tasks.o(i.xTaskCreate)
    i.xTaskIncrementTick                     0x080053a4   Section        0  tasks.o(i.xTaskIncrementTick)
    i.xTaskResumeAll                         0x080054ec   Section        0  tasks.o(i.xTaskResumeAll)
    .constdata                               0x080055f0   Section      256  sine.o(.constdata)
    .constdata                               0x080056f0   Section       48  main.o(.constdata)
    .constdata                               0x08005720   Section       24  system_stm32f1xx.o(.constdata)
    .constdata                               0x08005738   Section       24  eventrecorder.o(.constdata)
    __tagsym$$used                           0x08005738   Number         0  eventrecorder.o(.constdata)
    .conststring                             0x08005750   Section       24  main.o(.conststring)
    .data                                    0x20000000   Section       44  main.o(.data)
    .data                                    0x2000002c   Section        9  stm32f1xx_hal.o(.data)
    .data                                    0x20000038   Section        4  system_stm32f1xx.o(.data)
    .data                                    0x2000003c   Section       60  tasks.o(.data)
    pxDelayedTaskList                        0x20000040   Data           4  tasks.o(.data)
    pxOverflowDelayedTaskList                0x20000044   Data           4  tasks.o(.data)
    uxDeletedTasksWaitingCleanUp             0x20000048   Data           4  tasks.o(.data)
    uxCurrentNumberOfTasks                   0x2000004c   Data           4  tasks.o(.data)
    xTickCount                               0x20000050   Data           4  tasks.o(.data)
    uxTopReadyPriority                       0x20000054   Data           4  tasks.o(.data)
    xSchedulerRunning                        0x20000058   Data           4  tasks.o(.data)
    uxPendedTicks                            0x2000005c   Data           4  tasks.o(.data)
    xYieldPending                            0x20000060   Data           4  tasks.o(.data)
    xNumOfOverflows                          0x20000064   Data           4  tasks.o(.data)
    uxTaskNumber                             0x20000068   Data           4  tasks.o(.data)
    xNextTaskUnblockTime                     0x2000006c   Data           4  tasks.o(.data)
    xIdleTaskHandle                          0x20000070   Data           4  tasks.o(.data)
    uxSchedulerSuspended                     0x20000074   Data           4  tasks.o(.data)
    .data                                    0x20000078   Section       24  heap_4.o(.data)
    xStart                                   0x20000078   Data           8  heap_4.o(.data)
    pxEnd                                    0x20000080   Data           4  heap_4.o(.data)
    xFreeBytesRemaining                      0x20000084   Data           4  heap_4.o(.data)
    xMinimumEverFreeBytesRemaining           0x20000088   Data           4  heap_4.o(.data)
    xBlockAllocatedBit                       0x2000008c   Data           4  heap_4.o(.data)
    .data                                    0x20000090   Section       12  port.o(.data)
    uxCriticalNesting                        0x20000090   Data           4  port.o(.data)
    ucMaxSysCallPriority                     0x20000094   Data           1  port.o(.data)
    ulMaxPRIGROUPValue                       0x20000098   Data           4  port.o(.data)
    .bss                                     0x2000009c   Section      860  main.o(.bss)
    .bss                                     0x200003f8   Section       64  stm32f1xx_hal_timebase_tim.o(.bss)
    .bss                                     0x20000438   Section      240  tasks.o(.bss)
    pxReadyTasksLists                        0x20000438   Data         140  tasks.o(.bss)
    xDelayedTaskList1                        0x200004c4   Data          20  tasks.o(.bss)
    xDelayedTaskList2                        0x200004d8   Data          20  tasks.o(.bss)
    xPendingReadyList                        0x200004ec   Data          20  tasks.o(.bss)
    xTasksWaitingTermination                 0x20000500   Data          20  tasks.o(.bss)
    xSuspendedTaskList                       0x20000514   Data          20  tasks.o(.bss)
    .bss                                     0x20000528   Section     3072  heap_4.o(.bss)
    ucHeap                                   0x20000528   Data        3072  heap_4.o(.bss)
    .bss.noinit                              0x20001140   Section     1188  eventrecorder.o(.bss.noinit)
    EventBuffer                              0x20001140   Data        1024  eventrecorder.o(.bss.noinit)
    EventFilter                              0x20001540   Data         128  eventrecorder.o(.bss.noinit)
    EventStatus                              0x200015c0   Data          36  eventrecorder.o(.bss.noinit)
    STACK                                    0x200015e8   Section     1024  startup_stm32f103xb.o(STACK)

    Global Symbols

    Symbol Name                              Value     Ov Type        Size  Object(Section)

    BuildAttributes$$THM_ISAv4$P$D$K$B$S$PE$A:L22UL41UL21$X:L11$S22US41US21$IEEE1$IW$USESV6$~STKCKD$USESV7$~SHL$OTIME$ROPI$EBA8$MICROLIB$REQ8$PRES8$EABIv2 0x00000000   Number         0  anon$$obj.o ABSOLUTE
    __ARM_use_no_argv                        0x00000000   Number         0  main.o ABSOLUTE
    _printf_a                                0x00000000   Number         0  stubs.o ABSOLUTE
    _printf_c                                0x00000000   Number         0  stubs.o ABSOLUTE
    _printf_charcount                        0x00000000   Number         0  stubs.o ABSOLUTE
    _printf_d                                0x00000000   Number         0  stubs.o ABSOLUTE
    _printf_e                                0x00000000   Number         0  stubs.o ABSOLUTE
    _printf_f                                0x00000000   Number         0  stubs.o ABSOLUTE
    _printf_flags                            0x00000000   Number         0  stubs.o ABSOLUTE
    _printf_fp_dec                           0x00000000   Number         0  stubs.o ABSOLUTE
    _printf_fp_hex                           0x00000000   Number         0  stubs.o ABSOLUTE
    _printf_g                                0x00000000   Number         0  stubs.o ABSOLUTE
    _printf_i                                0x00000000   Number         0  stubs.o ABSOLUTE
    _printf_int_dec                          0x00000000   Number         0  stubs.o ABSOLUTE
    _printf_l                                0x00000000   Number         0  stubs.o ABSOLUTE
    _printf_lc                               0x00000000   Number         0  stubs.o ABSOLUTE
    _printf_ll                               0x00000000   Number         0  stubs.o ABSOLUTE
    _printf_lld                              0x00000000   Number         0  stubs.o ABSOLUTE
    _printf_lli                              0x00000000   Number         0  stubs.o ABSOLUTE
    _printf_llo                              0x00000000   Number         0  stubs.o ABSOLUTE
    _printf_llu                              0x00000000   Number         0  stubs.o ABSOLUTE
    _printf_llx                              0x00000000   Number         0  stubs.o ABSOLUTE
    _printf_longlong_dec                     0x00000000   Number         0  stubs.o ABSOLUTE
    _printf_longlong_hex                     0x00000000   Number         0  stubs.o ABSOLUTE
    _printf_longlong_oct                     0x00000000   Number         0  stubs.o ABSOLUTE
    _printf_ls                               0x00000000   Number         0  stubs.o ABSOLUTE
    _printf_mbtowc                           0x00000000   Number         0  stubs.o ABSOLUTE
    _printf_n                                0x00000000   Number         0  stubs.o ABSOLUTE
    _printf_o                                0x00000000   Number         0  stubs.o ABSOLUTE
    _printf_p                                0x00000000   Number         0  stubs.o ABSOLUTE
    _printf_percent                          0x00000000   Number         0  stubs.o ABSOLUTE
    _printf_pre_padding                      0x00000000   Number         0  stubs.o ABSOLUTE
    _printf_return_value                     0x00000000   Number         0  stubs.o ABSOLUTE
    _printf_s                                0x00000000   Number         0  stubs.o ABSOLUTE
    _printf_sizespec                         0x00000000   Number         0  stubs.o ABSOLUTE
    _printf_str                              0x00000000   Number         0  stubs.o ABSOLUTE
    _printf_truncate_signed                  0x00000000   Number         0  stubs.o ABSOLUTE
    _printf_truncate_unsigned                0x00000000   Number         0  stubs.o ABSOLUTE
    _printf_u                                0x00000000   Number         0  stubs.o ABSOLUTE
    _printf_wc                               0x00000000   Number         0  stubs.o ABSOLUTE
    _printf_wctomb                           0x00000000   Number         0  stubs.o ABSOLUTE
    _printf_widthprec                        0x00000000   Number         0  stubs.o ABSOLUTE
    _printf_x                                0x00000000   Number         0  stubs.o ABSOLUTE
    __cpp_initialize__aeabi_                  - Undefined Weak Reference
    __cxa_finalize                            - Undefined Weak Reference
    __decompress                              - Undefined Weak Reference
    _clock_init                               - Undefined Weak Reference
    _microlib_exit                            - Undefined Weak Reference
    __Vectors_Size                           0x000000ec   Number         0  startup_stm32f103xb.o ABSOLUTE
    __Vectors                                0x08000000   Data           4  startup_stm32f103xb.o(RESET)
    __Vectors_End                            0x080000ec   Data           0  startup_stm32f103xb.o(RESET)
    __main                                   0x080000ed   Thumb Code     0  entry.o(.ARM.Collect$$$$00000000)
    _main_stk                                0x080000ed   Thumb Code     0  entry2.o(.ARM.Collect$$$$00000001)
    _main_scatterload                        0x080000f1   Thumb Code     0  entry5.o(.ARM.Collect$$$$00000004)
    __main_after_scatterload                 0x080000f5   Thumb Code     0  entry5.o(.ARM.Collect$$$$00000004)
    _main_clock                              0x080000f5   Thumb Code     0  entry7b.o(.ARM.Collect$$$$00000008)
    _main_cpp_init                           0x080000f5   Thumb Code     0  entry8b.o(.ARM.Collect$$$$0000000A)
    _main_init                               0x080000f5   Thumb Code     0  entry9a.o(.ARM.Collect$$$$0000000B)
    __rt_final_cpp                           0x080000fd   Thumb Code     0  entry10a.o(.ARM.Collect$$$$0000000D)
    __rt_final_exit                          0x080000fd   Thumb Code     0  entry11a.o(.ARM.Collect$$$$0000000F)
    SVC_Handler                              0x08000101   Thumb Code    32  port.o(.emb_text)
    __asm___6_port_c_39a90d8d__prvStartFirstTask 0x08000125   Thumb Code    28  port.o(.emb_text)
    PendSV_Handler                           0x08000145   Thumb Code    72  port.o(.emb_text)
    vPortGetIPSR                             0x08000191   Thumb Code     6  port.o(.emb_text)
    Reset_Handler                            0x08000199   Thumb Code     8  startup_stm32f103xb.o(.text)
    CAN1_RX1_IRQHandler                      0x080001b3   Thumb Code     0  startup_stm32f103xb.o(.text)
    CAN1_SCE_IRQHandler                      0x080001b3   Thumb Code     0  startup_stm32f103xb.o(.text)
    DMA1_Channel1_IRQHandler                 0x080001b3   Thumb Code     0  startup_stm32f103xb.o(.text)
    DMA1_Channel2_IRQHandler                 0x080001b3   Thumb Code     0  startup_stm32f103xb.o(.text)
    DMA1_Channel3_IRQHandler                 0x080001b3   Thumb Code     0  startup_stm32f103xb.o(.text)
    DMA1_Channel4_IRQHandler                 0x080001b3   Thumb Code     0  startup_stm32f103xb.o(.text)
    DMA1_Channel5_IRQHandler                 0x080001b3   Thumb Code     0  startup_stm32f103xb.o(.text)
    EXTI0_IRQHandler                         0x080001b3   Thumb Code     0  startup_stm32f103xb.o(.text)
    EXTI15_10_IRQHandler                     0x080001b3   Thumb Code     0  startup_stm32f103xb.o(.text)
    EXTI1_IRQHandler                         0x080001b3   Thumb Code     0  startup_stm32f103xb.o(.text)
    EXTI2_IRQHandler                         0x080001b3   Thumb Code     0  startup_stm32f103xb.o(.text)
    EXTI3_IRQHandler                         0x080001b3   Thumb Code     0  startup_stm32f103xb.o(.text)
    EXTI4_IRQHandler                         0x080001b3   Thumb Code     0  startup_stm32f103xb.o(.text)
    EXTI9_5_IRQHandler                       0x080001b3   Thumb Code     0  startup_stm32f103xb.o(.text)
    FLASH_IRQHandler                         0x080001b3   Thumb Code     0  startup_stm32f103xb.o(.text)
    I2C1_ER_IRQHandler                       0x080001b3   Thumb Code     0  startup_stm32f103xb.o(.text)
    I2C2_ER_IRQHandler                       0x080001b3   Thumb Code     0  startup_stm32f103xb.o(.text)
    I2C2_EV_IRQHandler                       0x080001b3   Thumb Code     0  startup_stm32f103xb.o(.text)
    PVD_IRQHandler                           0x080001b3   Thumb Code     0  startup_stm32f103xb.o(.text)
    RCC_IRQHandler                           0x080001b3   Thumb Code     0  startup_stm32f103xb.o(.text)
    RTC_Alarm_IRQHandler                     0x080001b3   Thumb Code     0  startup_stm32f103xb.o(.text)
    RTC_IRQHandler                           0x080001b3   Thumb Code     0  startup_stm32f103xb.o(.text)
    SPI1_IRQHandler                          0x080001b3   Thumb Code     0  startup_stm32f103xb.o(.text)
    SPI2_IRQHandler                          0x080001b3   Thumb Code     0  startup_stm32f103xb.o(.text)
    TAMPER_IRQHandler                        0x080001b3   Thumb Code     0  startup_stm32f103xb.o(.text)
    TIM1_BRK_IRQHandler                      0x080001b3   Thumb Code     0  startup_stm32f103xb.o(.text)
    TIM1_CC_IRQHandler                       0x080001b3   Thumb Code     0  startup_stm32f103xb.o(.text)
    TIM1_TRG_COM_IRQHandler                  0x080001b3   Thumb Code     0  startup_stm32f103xb.o(.text)
    TIM1_UP_IRQHandler                       0x080001b3   Thumb Code     0  startup_stm32f103xb.o(.text)
    TIM2_IRQHandler                          0x080001b3   Thumb Code     0  startup_stm32f103xb.o(.text)
    USART1_IRQHandler                        0x080001b3   Thumb Code     0  startup_stm32f103xb.o(.text)
    USART2_IRQHandler                        0x080001b3   Thumb Code     0  startup_stm32f103xb.o(.text)
    USART3_IRQHandler                        0x080001b3   Thumb Code     0  startup_stm32f103xb.o(.text)
    USBWakeUp_IRQHandler                     0x080001b3   Thumb Code     0  startup_stm32f103xb.o(.text)
    USB_HP_CAN1_TX_IRQHandler                0x080001b3   Thumb Code     0  startup_stm32f103xb.o(.text)
    USB_LP_CAN1_RX0_IRQHandler               0x080001b3   Thumb Code     0  startup_stm32f103xb.o(.text)
    WWDG_IRQHandler                          0x080001b3   Thumb Code     0  startup_stm32f103xb.o(.text)
    __aeabi_llsr                             0x080001bd   Thumb Code    32  llushr.o(.text)
    _ll_ushift_r                             0x080001bd   Thumb Code     0  llushr.o(.text)
    __aeabi_memcpy                           0x080001dd   Thumb Code    36  memcpya.o(.text)
    __aeabi_memcpy4                          0x080001dd   Thumb Code     0  memcpya.o(.text)
    __aeabi_memcpy8                          0x080001dd   Thumb Code     0  memcpya.o(.text)
    __aeabi_memset                           0x08000201   Thumb Code    14  memseta.o(.text)
    __aeabi_memset4                          0x08000201   Thumb Code     0  memseta.o(.text)
    __aeabi_memset8                          0x08000201   Thumb Code     0  memseta.o(.text)
    __aeabi_memclr                           0x0800020f   Thumb Code     4  memseta.o(.text)
    __aeabi_memclr4                          0x0800020f   Thumb Code     0  memseta.o(.text)
    __aeabi_memclr8                          0x0800020f   Thumb Code     0  memseta.o(.text)
    _memset$wrapper                          0x08000213   Thumb Code    18  memseta.o(.text)
    __aeabi_fmul                             0x08000225   Thumb Code   100  fmul.o(.text)
    __aeabi_dadd                             0x08000289   Thumb Code   322  dadd.o(.text)
    __aeabi_dsub                             0x080003cb   Thumb Code     6  dadd.o(.text)
    __aeabi_drsub                            0x080003d1   Thumb Code     6  dadd.o(.text)
    __aeabi_dmul                             0x080003d7   Thumb Code   228  dmul.o(.text)
    __aeabi_ui2f                             0x080004bb   Thumb Code    10  ffltui.o(.text)
    __aeabi_f2uiz                            0x080004c5   Thumb Code    40  ffixui.o(.text)
    __aeabi_d2uiz                            0x080004ed   Thumb Code    50  dfixui.o(.text)
    __aeabi_f2d                              0x0800051f   Thumb Code    38  f2d.o(.text)
    __aeabi_cdcmpeq                          0x08000545   Thumb Code     0  cdcmple.o(.text)
    __aeabi_cdcmple                          0x08000545   Thumb Code    48  cdcmple.o(.text)
    __aeabi_cdrcmple                         0x08000575   Thumb Code    48  cdrcmple.o(.text)
    __aeabi_d2f                              0x080005a5   Thumb Code    56  d2f.o(.text)
    __aeabi_uidiv                            0x080005dd   Thumb Code     0  uidiv.o(.text)
    __aeabi_uidivmod                         0x080005dd   Thumb Code    44  uidiv.o(.text)
    __aeabi_llsl                             0x08000609   Thumb Code    30  llshl.o(.text)
    _ll_shift_l                              0x08000609   Thumb Code     0  llshl.o(.text)
    __aeabi_lasr                             0x08000627   Thumb Code    36  llsshr.o(.text)
    _ll_sshift_r                             0x08000627   Thumb Code     0  llsshr.o(.text)
    __I$use$fp                               0x0800064b   Thumb Code     0  iusefp.o(.text)
    _float_round                             0x0800064b   Thumb Code    18  fepilogue.o(.text)
    _float_epilogue                          0x0800065d   Thumb Code    92  fepilogue.o(.text)
    _double_round                            0x080006b9   Thumb Code    30  depilogue.o(.text)
    _double_epilogue                         0x080006d7   Thumb Code   156  depilogue.o(.text)
    __scatterload                            0x08000775   Thumb Code    28  init.o(.text)
    __scatterload_rt2                        0x08000775   Thumb Code     0  init.o(.text)
    ADC1_2_IRQHandler                        0x08000799   Thumb Code    10  stm32f1xx_it.o(i.ADC1_2_IRQHandler)
    ADC_ConversionStop_Disable               0x080007a9   Thumb Code    82  stm32f1xx_hal_adc.o(i.ADC_ConversionStop_Disable)
    ADC_Enable                               0x080007fd   Thumb Code   122  stm32f1xx_hal_adc.o(i.ADC_Enable)
    BusFault_Handler                         0x08000881   Thumb Code     4  stm32f1xx_it.o(i.BusFault_Handler)
    DMA1_Channel6_IRQHandler                 0x08000885   Thumb Code    10  stm32f1xx_it.o(i.DMA1_Channel6_IRQHandler)
    DMA1_Channel7_IRQHandler                 0x08000895   Thumb Code    10  stm32f1xx_it.o(i.DMA1_Channel7_IRQHandler)
    DebugMon_Handler                         0x080008d1   Thumb Code     2  stm32f1xx_it.o(i.DebugMon_Handler)
    Error_Handler                            0x080008d3   Thumb Code     2  main.o(i.Error_Handler)
    HAL_ADCEx_InjectedConvCpltCallback       0x080008d5   Thumb Code     2  stm32f1xx_hal_adc_ex.o(i.HAL_ADCEx_InjectedConvCpltCallback)
    HAL_ADC_ConfigChannel                    0x080008d9   Thumb Code   338  stm32f1xx_hal_adc.o(i.HAL_ADC_ConfigChannel)
    HAL_ADC_ConvCpltCallback                 0x08000a39   Thumb Code     2  stm32f1xx_hal_adc.o(i.HAL_ADC_ConvCpltCallback)
    HAL_ADC_GetValue                         0x08000a3b   Thumb Code     8  stm32f1xx_hal_adc.o(i.HAL_ADC_GetValue)
    HAL_ADC_IRQHandler                       0x08000a43   Thumb Code   290  stm32f1xx_hal_adc.o(i.HAL_ADC_IRQHandler)
    HAL_ADC_Init                             0x08000b65   Thumb Code   314  stm32f1xx_hal_adc.o(i.HAL_ADC_Init)
    HAL_ADC_LevelOutOfWindowCallback         0x08000ca9   Thumb Code     2  stm32f1xx_hal_adc.o(i.HAL_ADC_LevelOutOfWindowCallback)
    HAL_ADC_MspInit                          0x08000cad   Thumb Code   114  stm32f1xx_hal_msp.o(i.HAL_ADC_MspInit)
    HAL_ADC_PollForConversion                0x08000d2d   Thumb Code   350  stm32f1xx_hal_adc.o(i.HAL_ADC_PollForConversion)
    HAL_ADC_Start                            0x08000e9d   Thumb Code   294  stm32f1xx_hal_adc.o(i.HAL_ADC_Start)
    HAL_DMA_Abort_IT                         0x08000fcd   Thumb Code   172  stm32f1xx_hal_dma.o(i.HAL_DMA_Abort_IT)
    HAL_DMA_IRQHandler                       0x0800107d   Thumb Code   408  stm32f1xx_hal_dma.o(i.HAL_DMA_IRQHandler)
    HAL_DMA_Init                             0x08001219   Thumb Code   100  stm32f1xx_hal_dma.o(i.HAL_DMA_Init)
    HAL_DMA_Start_IT                         0x08001281   Thumb Code   156  stm32f1xx_hal_dma.o(i.HAL_DMA_Start_IT)
    HAL_GPIO_Init                            0x0800131d   Thumb Code   764  stm32f1xx_hal_gpio.o(i.HAL_GPIO_Init)
    HAL_GPIO_TogglePin                       0x08001639   Thumb Code     8  stm32f1xx_hal_gpio.o(i.HAL_GPIO_TogglePin)
    HAL_GPIO_WritePin                        0x08001641   Thumb Code    12  stm32f1xx_hal_gpio.o(i.HAL_GPIO_WritePin)
    HAL_GetTick                              0x0800164d   Thumb Code     6  stm32f1xx_hal.o(i.HAL_GetTick)
    HAL_I2C_AbortCpltCallback                0x08001659   Thumb Code     2  stm32f1xx_hal_i2c.o(i.HAL_I2C_AbortCpltCallback)
    HAL_I2C_AddrCallback                     0x0800165b   Thumb Code     2  stm32f1xx_hal_i2c.o(i.HAL_I2C_AddrCallback)
    HAL_I2C_EV_IRQHandler                    0x0800165d   Thumb Code   368  stm32f1xx_hal_i2c.o(i.HAL_I2C_EV_IRQHandler)
    HAL_I2C_ErrorCallback                    0x080017d5   Thumb Code     2  stm32f1xx_hal_i2c.o(i.HAL_I2C_ErrorCallback)
    HAL_I2C_Init                             0x080017d9   Thumb Code   362  stm32f1xx_hal_i2c.o(i.HAL_I2C_Init)
    HAL_I2C_ListenCpltCallback               0x08001955   Thumb Code     2  stm32f1xx_hal_i2c.o(i.HAL_I2C_ListenCpltCallback)
    HAL_I2C_MasterRxCpltCallback             0x08001957   Thumb Code     2  stm32f1xx_hal_i2c.o(i.HAL_I2C_MasterRxCpltCallback)
    HAL_I2C_MasterTxCpltCallback             0x08001959   Thumb Code     4  main.o(i.HAL_I2C_MasterTxCpltCallback)
    HAL_I2C_Master_Transmit_DMA              0x0800195d   Thumb Code   346  stm32f1xx_hal_i2c.o(i.HAL_I2C_Master_Transmit_DMA)
    HAL_I2C_MemRxCpltCallback                0x08001ac9   Thumb Code     2  stm32f1xx_hal_i2c.o(i.HAL_I2C_MemRxCpltCallback)
    HAL_I2C_MemTxCpltCallback                0x08001acb   Thumb Code     2  stm32f1xx_hal_i2c.o(i.HAL_I2C_MemTxCpltCallback)
    HAL_I2C_MspInit                          0x08001acd   Thumb Code   222  stm32f1xx_hal_msp.o(i.HAL_I2C_MspInit)
    HAL_I2C_SlaveRxCpltCallback              0x08001bc5   Thumb Code     2  stm32f1xx_hal_i2c.o(i.HAL_I2C_SlaveRxCpltCallback)
    HAL_I2C_SlaveTxCpltCallback              0x08001bc7   Thumb Code     2  stm32f1xx_hal_i2c.o(i.HAL_I2C_SlaveTxCpltCallback)
    HAL_IncTick                              0x08001bc9   Thumb Code    16  stm32f1xx_hal.o(i.HAL_IncTick)
    HAL_Init                                 0x08001be1   Thumb Code    34  stm32f1xx_hal.o(i.HAL_Init)
    HAL_InitTick                             0x08001c09   Thumb Code   118  stm32f1xx_hal_timebase_tim.o(i.HAL_InitTick)
    HAL_MspInit                              0x08001c91   Thumb Code    86  stm32f1xx_hal_msp.o(i.HAL_MspInit)
    HAL_NVIC_EnableIRQ                       0x08001cf1   Thumb Code    26  stm32f1xx_hal_cortex.o(i.HAL_NVIC_EnableIRQ)
    HAL_NVIC_SetPriority                     0x08001d0b   Thumb Code   124  stm32f1xx_hal_cortex.o(i.HAL_NVIC_SetPriority)
    HAL_NVIC_SetPriorityGrouping             0x08001d89   Thumb Code    32  stm32f1xx_hal_cortex.o(i.HAL_NVIC_SetPriorityGrouping)
    HAL_RCCEx_GetPeriphCLKFreq               0x08001db1   Thumb Code   254  stm32f1xx_hal_rcc_ex.o(i.HAL_RCCEx_GetPeriphCLKFreq)
    HAL_RCCEx_PeriphCLKConfig                0x08001ed1   Thumb Code   290  stm32f1xx_hal_rcc_ex.o(i.HAL_RCCEx_PeriphCLKConfig)
    HAL_RCC_ClockConfig                      0x08002001   Thumb Code   446  stm32f1xx_hal_rcc.o(i.HAL_RCC_ClockConfig)
    HAL_RCC_GetClockConfig                   0x080021d1   Thumb Code    58  stm32f1xx_hal_rcc.o(i.HAL_RCC_GetClockConfig)
    HAL_RCC_GetHCLKFreq                      0x08002215   Thumb Code     6  stm32f1xx_hal_rcc.o(i.HAL_RCC_GetHCLKFreq)
    HAL_RCC_GetPCLK1Freq                     0x08002221   Thumb Code    22  stm32f1xx_hal_rcc.o(i.HAL_RCC_GetPCLK1Freq)
    HAL_RCC_GetPCLK2Freq                     0x08002241   Thumb Code    22  stm32f1xx_hal_rcc.o(i.HAL_RCC_GetPCLK2Freq)
    HAL_RCC_GetSysClockFreq                  0x08002261   Thumb Code   116  stm32f1xx_hal_rcc.o(i.HAL_RCC_GetSysClockFreq)
    HAL_RCC_OscConfig                        0x080022f5   Thumb Code  1078  stm32f1xx_hal_rcc.o(i.HAL_RCC_OscConfig)
    HAL_TIMEx_BreakCallback                  0x08002735   Thumb Code     2  stm32f1xx_hal_tim_ex.o(i.HAL_TIMEx_BreakCallback)
    HAL_TIMEx_CommutationCallback            0x08002737   Thumb Code     2  stm32f1xx_hal_tim_ex.o(i.HAL_TIMEx_CommutationCallback)
    HAL_TIMEx_MasterConfigSynchronization    0x08002739   Thumb Code    98  stm32f1xx_hal_tim_ex.o(i.HAL_TIMEx_MasterConfigSynchronization)
    HAL_TIM_Base_Init                        0x0800279b   Thumb Code    52  stm32f1xx_hal_tim.o(i.HAL_TIM_Base_Init)
    HAL_TIM_Base_MspInit                     0x080027d1   Thumb Code    58  stm32f1xx_hal_msp.o(i.HAL_TIM_Base_MspInit)
    HAL_TIM_Base_Start_IT                    0x08002815   Thumb Code    30  stm32f1xx_hal_tim.o(i.HAL_TIM_Base_Start_IT)
    HAL_TIM_ConfigClockSource                0x08002833   Thumb Code   306  stm32f1xx_hal_tim.o(i.HAL_TIM_ConfigClockSource)
    HAL_TIM_IC_CaptureCallback               0x08002965   Thumb Code     2  stm32f1xx_hal_tim.o(i.HAL_TIM_IC_CaptureCallback)
    HAL_TIM_IRQHandler                       0x08002967   Thumb Code   406  stm32f1xx_hal_tim.o(i.HAL_TIM_IRQHandler)
    HAL_TIM_OC_DelayElapsedCallback          0x08002afd   Thumb Code     2  stm32f1xx_hal_tim.o(i.HAL_TIM_OC_DelayElapsedCallback)
    HAL_TIM_PWM_PulseFinishedCallback        0x08002aff   Thumb Code     2  stm32f1xx_hal_tim.o(i.HAL_TIM_PWM_PulseFinishedCallback)
    HAL_TIM_PeriodElapsedCallback            0x08002b01   Thumb Code   224  main.o(i.HAL_TIM_PeriodElapsedCallback)
    HAL_TIM_TriggerCallback                  0x08002c0d   Thumb Code     2  stm32f1xx_hal_tim.o(i.HAL_TIM_TriggerCallback)
    HardFault_Handler                        0x08002c0f   Thumb Code     4  stm32f1xx_it.o(i.HardFault_Handler)
    I2C1_EV_IRQHandler                       0x08002c15   Thumb Code    10  stm32f1xx_it.o(i.I2C1_EV_IRQHandler)
    MemManage_Handler                        0x080039b9   Thumb Code     4  stm32f1xx_it.o(i.MemManage_Handler)
    NMI_Handler                              0x080039bd   Thumb Code     2  stm32f1xx_it.o(i.NMI_Handler)
    StartButtonsTask                         0x08003a21   Thumb Code  1362  main.o(i.StartButtonsTask)
    StartDefaultTask                         0x08003f9d   Thumb Code    16  main.o(i.StartDefaultTask)
    SysTick_Handler                          0x08003fb1   Thumb Code    46  port.o(i.SysTick_Handler)
    SystemClock_Config                       0x08003fe5   Thumb Code   132  main.o(i.SystemClock_Config)
    SystemInit                               0x08004069   Thumb Code    70  system_stm32f1xx.o(i.SystemInit)
    TIM3_IRQHandler                          0x080040c1   Thumb Code    10  stm32f1xx_it.o(i.TIM3_IRQHandler)
    TIM4_IRQHandler                          0x080040d1   Thumb Code    10  stm32f1xx_it.o(i.TIM4_IRQHandler)
    TIM_Base_SetConfig                       0x080040e1   Thumb Code   102  stm32f1xx_hal_tim.o(i.TIM_Base_SetConfig)
    UsageFault_Handler                       0x080041d7   Thumb Code     4  stm32f1xx_it.o(i.UsageFault_Handler)
    __0sprintf$6                             0x080041dd   Thumb Code    34  printf6.o(i.__0sprintf$6)
    __1sprintf$6                             0x080041dd   Thumb Code     0  printf6.o(i.__0sprintf$6)
    __2sprintf                               0x080041dd   Thumb Code     0  printf6.o(i.__0sprintf$6)
    __scatterload_copy                       0x08004205   Thumb Code    14  handlers.o(i.__scatterload_copy)
    __scatterload_null                       0x08004213   Thumb Code     2  handlers.o(i.__scatterload_null)
    __scatterload_zeroinit                   0x08004215   Thumb Code    14  handlers.o(i.__scatterload_zeroinit)
    cursorShift                              0x08004571   Thumb Code    48  hd44780.o(i.cursorShift)
    lcdClrScr                                0x080045d1   Thumb Code    28  hd44780.o(i.lcdClrScr)
    lcdGoto                                  0x08004631   Thumb Code    88  hd44780.o(i.lcdGoto)
    lcdGpioInit                              0x0800468d   Thumb Code     2  hd44780.o(i.lcdGpioInit)
    lcdInit                                  0x08004719   Thumb Code    62  hd44780.o(i.lcdInit)
    lcdPutc                                  0x080047e1   Thumb Code    30  hd44780.o(i.lcdPutc)
    lcdPuts                                  0x08004805   Thumb Code    76  hd44780.o(i.lcdPuts)
    lcdReturn                                0x08004851   Thumb Code    28  hd44780.o(i.lcdReturn)
    lcdSetMode                               0x08004871   Thumb Code    24  hd44780.o(i.lcdSetMode)
    main                                     0x080048d5   Thumb Code    84  main.o(i.main)
    osDelay                                  0x08004943   Thumb Code    24  cmsis_os.o(i.osDelay)
    osKernelStart                            0x0800495b   Thumb Code    10  cmsis_os.o(i.osKernelStart)
    osThreadCreate                           0x08004965   Thumb Code    48  cmsis_os.o(i.osThreadCreate)
    pvPortMalloc                             0x08004ded   Thumb Code   296  heap_4.o(i.pvPortMalloc)
    pxPortInitialiseStack                    0x08004f29   Thumb Code    30  port.o(i.pxPortInitialiseStack)
    uxListRemove                             0x08004f4d   Thumb Code    40  list.o(i.uxListRemove)
    vListInitialise                          0x08004f75   Thumb Code    26  list.o(i.vListInitialise)
    vListInitialiseItem                      0x08004f8f   Thumb Code     6  list.o(i.vListInitialiseItem)
    vListInsert                              0x08004f95   Thumb Code    52  list.o(i.vListInsert)
    vListInsertEnd                           0x08004fc9   Thumb Code    24  list.o(i.vListInsertEnd)
    vPortEnterCritical                       0x08004fe1   Thumb Code    76  port.o(i.vPortEnterCritical)
    vPortExitCritical                        0x08005035   Thumb Code    56  port.o(i.vPortExitCritical)
    vPortFree                                0x08005071   Thumb Code   140  heap_4.o(i.vPortFree)
    vPortSetupTimerInterrupt                 0x08005105   Thumb Code    26  port.o(i.vPortSetupTimerInterrupt)
    vTaskDelay                               0x08005125   Thumb Code    82  tasks.o(i.vTaskDelay)
    vTaskStartScheduler                      0x08005181   Thumb Code   108  tasks.o(i.vTaskStartScheduler)
    vTaskSuspendAll                          0x08005209   Thumb Code    12  tasks.o(i.vTaskSuspendAll)
    vTaskSwitchContext                       0x08005219   Thumb Code   118  tasks.o(i.vTaskSwitchContext)
    xPortStartScheduler                      0x080052a5   Thumb Code   140  port.o(i.xPortStartScheduler)
    xTaskCreate                              0x08005345   Thumb Code    96  tasks.o(i.xTaskCreate)
    xTaskIncrementTick                       0x080053a5   Thumb Code   282  tasks.o(i.xTaskIncrementTick)
    xTaskResumeAll                           0x080054ed   Thumb Code   224  tasks.o(i.xTaskResumeAll)
    DACLookup_FullSine_7Bit                  0x080055f0   Data         256  sine.o(.constdata)
    cb_rep_spd_tab                           0x080056f0   Data           8  main.o(.constdata)
    AHBPrescTable                            0x08005720   Data          16  system_stm32f1xx.o(.constdata)
    APBPrescTable                            0x08005730   Data           8  system_stm32f1xx.o(.constdata)
    EventRecorderInfo                        0x08005738   Data          24  eventrecorder.o(.constdata)
    Region$$Table$$Base                      0x08005768   Number         0  anon$$obj.o(Region$$Table)
    Region$$Table$$Limit                     0x08005788   Number         0  anon$$obj.o(Region$$Table)
    defaultTaskHandle                        0x20000000   Data           4  main.o(.data)
    ButtonsTaskHandle                        0x20000004   Data           4  main.o(.data)
    I2C_Send_Buf                             0x20000008   Data           2  main.o(.data)
    UpDown                                   0x2000000a   Data           1  main.o(.data)
    ADC_nbr                                  0x2000000b   Data           1  main.o(.data)
    DAC1_pos                                 0x2000000c   Data           2  main.o(.data)
    DAC2_pos                                 0x2000000e   Data           2  main.o(.data)
    Amplitude1                               0x20000010   Data           4  main.o(.data)
    Amplitude2                               0x20000014   Data           4  main.o(.data)
    cnt20ms                                  0x20000018   Data           1  main.o(.data)
    LCD_refresh                              0x20000019   Data           1  main.o(.data)
    DAC_refresh                              0x2000001a   Data           1  main.o(.data)
    kbrd_code                                0x2000001b   Data           1  main.o(.data)
    cb_rep_spd                               0x2000001c   Data           1  main.o(.data)
    cb_rep                                   0x2000001e   Data           2  main.o(.data)
    cb_rep_cnt                               0x20000020   Data           2  main.o(.data)
    cb1                                      0x20000022   Data           2  main.o(.data)
    cb2                                      0x20000024   Data           2  main.o(.data)
    cb3                                      0x20000026   Data           2  main.o(.data)
    cb4                                      0x20000028   Data           2  main.o(.data)
    cb5                                      0x2000002a   Data           2  main.o(.data)
    uwTick                                   0x2000002c   Data           4  stm32f1xx_hal.o(.data)
    uwTickPrio                               0x20000030   Data           4  stm32f1xx_hal.o(.data)
    uwTickFreq                               0x20000034   Data           1  stm32f1xx_hal.o(.data)
    SystemCoreClock                          0x20000038   Data           4  system_stm32f1xx.o(.data)
    pxCurrentTCB                             0x2000003c   Data           4  tasks.o(.data)
    hadc1                                    0x2000009c   Data          48  main.o(.bss)
    hi2c1                                    0x200000cc   Data          84  main.o(.bss)
    hdma_i2c1_tx                             0x20000120   Data          68  main.o(.bss)
    hdma_i2c1_rx                             0x20000164   Data          68  main.o(.bss)
    htim3                                    0x200001a8   Data          64  main.o(.bss)
    Sine1_Out                                0x200001e8   Data         256  main.o(.bss)
    Sine2_Out                                0x200002e8   Data         256  main.o(.bss)
    str                                      0x200003e8   Data          16  main.o(.bss)
    htim4                                    0x200003f8   Data          64  stm32f1xx_hal_timebase_tim.o(.bss)
    __initial_sp                             0x200019e8   Data           0  startup_stm32f103xb.o(STACK)



==============================================================================

Memory Map of the image

  Image Entry point : 0x080000ed

  Load Region LR_IROM1 (Base: 0x08000000, Size: 0x00005824, Max: 0x00010000, ABSOLUTE)

    Execution Region ER_IROM1 (Exec base: 0x08000000, Load base: 0x08000000, Size: 0x00005788, Max: 0x00010000, ABSOLUTE)

    Exec Addr    Load Addr    Size         Type   Attr      Idx    E Section Name        Object

    0x08000000   0x08000000   0x000000ec   Data   RO            3    RESET               startup_stm32f103xb.o
    0x080000ec   0x080000ec   0x00000000   Code   RO         4451  * .ARM.Collect$$$$00000000  mc_w.l(entry.o)
    0x080000ec   0x080000ec   0x00000004   Code   RO         4745    .ARM.Collect$$$$00000001  mc_w.l(entry2.o)
    0x080000f0   0x080000f0   0x00000004   Code   RO         4748    .ARM.Collect$$$$00000004  mc_w.l(entry5.o)
    0x080000f4   0x080000f4   0x00000000   Code   RO         4750    .ARM.Collect$$$$00000008  mc_w.l(entry7b.o)
    0x080000f4   0x080000f4   0x00000000   Code   RO         4752    .ARM.Collect$$$$0000000A  mc_w.l(entry8b.o)
    0x080000f4   0x080000f4   0x00000008   Code   RO         4753    .ARM.Collect$$$$0000000B  mc_w.l(entry9a.o)
    0x080000fc   0x080000fc   0x00000000   Code   RO         4755    .ARM.Collect$$$$0000000D  mc_w.l(entry10a.o)
    0x080000fc   0x080000fc   0x00000000   Code   RO         4757    .ARM.Collect$$$$0000000F  mc_w.l(entry11a.o)
    0x080000fc   0x080000fc   0x00000004   Code   RO         4746    .ARM.Collect$$$$00002712  mc_w.l(entry2.o)
    0x08000100   0x08000100   0x00000096   Code   RO         4228    .emb_text           port.o
    0x08000196   0x08000196   0x00000002   PAD
    0x08000198   0x08000198   0x00000024   Code   RO            4    .text               startup_stm32f103xb.o
    0x080001bc   0x080001bc   0x00000020   Code   RO         4454    .text               mc_w.l(llushr.o)
    0x080001dc   0x080001dc   0x00000024   Code   RO         4456    .text               mc_w.l(memcpya.o)
    0x08000200   0x08000200   0x00000024   Code   RO         4458    .text               mc_w.l(memseta.o)
    0x08000224   0x08000224   0x00000064   Code   RO         4723    .text               mf_w.l(fmul.o)
    0x08000288   0x08000288   0x0000014e   Code   RO         4725    .text               mf_w.l(dadd.o)
    0x080003d6   0x080003d6   0x000000e4   Code   RO         4727    .text               mf_w.l(dmul.o)
    0x080004ba   0x080004ba   0x0000000a   Code   RO         4729    .text               mf_w.l(ffltui.o)
    0x080004c4   0x080004c4   0x00000028   Code   RO         4733    .text               mf_w.l(ffixui.o)
    0x080004ec   0x080004ec   0x00000032   Code   RO         4735    .text               mf_w.l(dfixui.o)
    0x0800051e   0x0800051e   0x00000026   Code   RO         4737    .text               mf_w.l(f2d.o)
    0x08000544   0x08000544   0x00000030   Code   RO         4739    .text               mf_w.l(cdcmple.o)
    0x08000574   0x08000574   0x00000030   Code   RO         4741    .text               mf_w.l(cdrcmple.o)
    0x080005a4   0x080005a4   0x00000038   Code   RO         4743    .text               mf_w.l(d2f.o)
    0x080005dc   0x080005dc   0x0000002c   Code   RO         4762    .text               mc_w.l(uidiv.o)
    0x08000608   0x08000608   0x0000001e   Code   RO         4766    .text               mc_w.l(llshl.o)
    0x08000626   0x08000626   0x00000024   Code   RO         4768    .text               mc_w.l(llsshr.o)
    0x0800064a   0x0800064a   0x00000000   Code   RO         4770    .text               mc_w.l(iusefp.o)
    0x0800064a   0x0800064a   0x0000006e   Code   RO         4771    .text               mf_w.l(fepilogue.o)
    0x080006b8   0x080006b8   0x000000ba   Code   RO         4773    .text               mf_w.l(depilogue.o)
    0x08000772   0x08000772   0x00000002   PAD
    0x08000774   0x08000774   0x00000024   Code   RO         4779    .text               mc_w.l(init.o)
    0x08000798   0x08000798   0x00000010   Code   RO          440    i.ADC1_2_IRQHandler  stm32f1xx_it.o
    0x080007a8   0x080007a8   0x00000052   Code   RO          670    i.ADC_ConversionStop_Disable  stm32f1xx_hal_adc.o
    0x080007fa   0x080007fa   0x00000002   PAD
    0x080007fc   0x080007fc   0x00000084   Code   RO          674    i.ADC_Enable        stm32f1xx_hal_adc.o
    0x08000880   0x08000880   0x00000004   Code   RO          441    i.BusFault_Handler  stm32f1xx_it.o
    0x08000884   0x08000884   0x00000010   Code   RO          442    i.DMA1_Channel6_IRQHandler  stm32f1xx_it.o
    0x08000894   0x08000894   0x00000010   Code   RO          443    i.DMA1_Channel7_IRQHandler  stm32f1xx_it.o
    0x080008a4   0x080008a4   0x0000002c   Code   RO         2624    i.DMA_SetConfig     stm32f1xx_hal_dma.o
    0x080008d0   0x080008d0   0x00000002   Code   RO          444    i.DebugMon_Handler  stm32f1xx_it.o
    0x080008d2   0x080008d2   0x00000002   Code   RO          264    i.Error_Handler     main.o
    0x080008d4   0x080008d4   0x00000002   Code   RO          852    i.HAL_ADCEx_InjectedConvCpltCallback  stm32f1xx_hal_adc_ex.o
    0x080008d6   0x080008d6   0x00000002   PAD
    0x080008d8   0x080008d8   0x00000160   Code   RO          676    i.HAL_ADC_ConfigChannel  stm32f1xx_hal_adc.o
    0x08000a38   0x08000a38   0x00000002   Code   RO          677    i.HAL_ADC_ConvCpltCallback  stm32f1xx_hal_adc.o
    0x08000a3a   0x08000a3a   0x00000008   Code   RO          683    i.HAL_ADC_GetValue  stm32f1xx_hal_adc.o
    0x08000a42   0x08000a42   0x00000122   Code   RO          684    i.HAL_ADC_IRQHandler  stm32f1xx_hal_adc.o
    0x08000b64   0x08000b64   0x00000144   Code   RO          685    i.HAL_ADC_Init      stm32f1xx_hal_adc.o
    0x08000ca8   0x08000ca8   0x00000002   Code   RO          686    i.HAL_ADC_LevelOutOfWindowCallback  stm32f1xx_hal_adc.o
    0x08000caa   0x08000caa   0x00000002   PAD
    0x08000cac   0x08000cac   0x00000080   Code   RO          535    i.HAL_ADC_MspInit   stm32f1xx_hal_msp.o
    0x08000d2c   0x08000d2c   0x00000170   Code   RO          689    i.HAL_ADC_PollForConversion  stm32f1xx_hal_adc.o
    0x08000e9c   0x08000e9c   0x00000130   Code   RO          691    i.HAL_ADC_Start     stm32f1xx_hal_adc.o
    0x08000fcc   0x08000fcc   0x000000b0   Code   RO         2626    i.HAL_DMA_Abort_IT  stm32f1xx_hal_dma.o
    0x0800107c   0x0800107c   0x0000019c   Code   RO         2630    i.HAL_DMA_IRQHandler  stm32f1xx_hal_dma.o
    0x08001218   0x08001218   0x00000068   Code   RO         2631    i.HAL_DMA_Init      stm32f1xx_hal_dma.o
    0x08001280   0x08001280   0x0000009c   Code   RO         2635    i.HAL_DMA_Start_IT  stm32f1xx_hal_dma.o
    0x0800131c   0x0800131c   0x0000031c   Code   RO         2561    i.HAL_GPIO_Init     stm32f1xx_hal_gpio.o
    0x08001638   0x08001638   0x00000008   Code   RO         2564    i.HAL_GPIO_TogglePin  stm32f1xx_hal_gpio.o
    0x08001640   0x08001640   0x0000000c   Code   RO         2565    i.HAL_GPIO_WritePin  stm32f1xx_hal_gpio.o
    0x0800164c   0x0800164c   0x0000000c   Code   RO         2264    i.HAL_GetTick       stm32f1xx_hal.o
    0x08001658   0x08001658   0x00000002   Code   RO          946    i.HAL_I2C_AbortCpltCallback  stm32f1xx_hal_i2c.o
    0x0800165a   0x0800165a   0x00000002   Code   RO          947    i.HAL_I2C_AddrCallback  stm32f1xx_hal_i2c.o
    0x0800165c   0x0800165c   0x00000178   Code   RO          951    i.HAL_I2C_EV_IRQHandler  stm32f1xx_hal_i2c.o
    0x080017d4   0x080017d4   0x00000002   Code   RO          953    i.HAL_I2C_ErrorCallback  stm32f1xx_hal_i2c.o
    0x080017d6   0x080017d6   0x00000002   PAD
    0x080017d8   0x080017d8   0x0000017c   Code   RO          957    i.HAL_I2C_Init      stm32f1xx_hal_i2c.o
    0x08001954   0x08001954   0x00000002   Code   RO          959    i.HAL_I2C_ListenCpltCallback  stm32f1xx_hal_i2c.o
    0x08001956   0x08001956   0x00000002   Code   RO          960    i.HAL_I2C_MasterRxCpltCallback  stm32f1xx_hal_i2c.o
    0x08001958   0x08001958   0x00000004   Code   RO          265    i.HAL_I2C_MasterTxCpltCallback  main.o
    0x0800195c   0x0800195c   0x0000016c   Code   RO          969    i.HAL_I2C_Master_Transmit_DMA  stm32f1xx_hal_i2c.o
    0x08001ac8   0x08001ac8   0x00000002   Code   RO          971    i.HAL_I2C_MemRxCpltCallback  stm32f1xx_hal_i2c.o
    0x08001aca   0x08001aca   0x00000002   Code   RO          972    i.HAL_I2C_MemTxCpltCallback  stm32f1xx_hal_i2c.o
    0x08001acc   0x08001acc   0x000000f8   Code   RO          537    i.HAL_I2C_MspInit   stm32f1xx_hal_msp.o
    0x08001bc4   0x08001bc4   0x00000002   Code   RO          981    i.HAL_I2C_SlaveRxCpltCallback  stm32f1xx_hal_i2c.o
    0x08001bc6   0x08001bc6   0x00000002   Code   RO          982    i.HAL_I2C_SlaveTxCpltCallback  stm32f1xx_hal_i2c.o
    0x08001bc8   0x08001bc8   0x00000018   Code   RO         2268    i.HAL_IncTick       stm32f1xx_hal.o
    0x08001be0   0x08001be0   0x00000028   Code   RO         2269    i.HAL_Init          stm32f1xx_hal.o
    0x08001c08   0x08001c08   0x00000088   Code   RO          595    i.HAL_InitTick      stm32f1xx_hal_timebase_tim.o
    0x08001c90   0x08001c90   0x00000060   Code   RO          538    i.HAL_MspInit       stm32f1xx_hal_msp.o
    0x08001cf0   0x08001cf0   0x0000001a   Code   RO         2721    i.HAL_NVIC_EnableIRQ  stm32f1xx_hal_cortex.o
    0x08001d0a   0x08001d0a   0x0000007c   Code   RO         2727    i.HAL_NVIC_SetPriority  stm32f1xx_hal_cortex.o
    0x08001d86   0x08001d86   0x00000002   PAD
    0x08001d88   0x08001d88   0x00000028   Code   RO         2728    i.HAL_NVIC_SetPriorityGrouping  stm32f1xx_hal_cortex.o
    0x08001db0   0x08001db0   0x00000120   Code   RO         2523    i.HAL_RCCEx_GetPeriphCLKFreq  stm32f1xx_hal_rcc_ex.o
    0x08001ed0   0x08001ed0   0x00000130   Code   RO         2524    i.HAL_RCCEx_PeriphCLKConfig  stm32f1xx_hal_rcc_ex.o
    0x08002000   0x08002000   0x000001d0   Code   RO         2416    i.HAL_RCC_ClockConfig  stm32f1xx_hal_rcc.o
    0x080021d0   0x080021d0   0x00000044   Code   RO         2420    i.HAL_RCC_GetClockConfig  stm32f1xx_hal_rcc.o
    0x08002214   0x08002214   0x0000000c   Code   RO         2421    i.HAL_RCC_GetHCLKFreq  stm32f1xx_hal_rcc.o
    0x08002220   0x08002220   0x00000020   Code   RO         2423    i.HAL_RCC_GetPCLK1Freq  stm32f1xx_hal_rcc.o
    0x08002240   0x08002240   0x00000020   Code   RO         2424    i.HAL_RCC_GetPCLK2Freq  stm32f1xx_hal_rcc.o
    0x08002260   0x08002260   0x00000094   Code   RO         2425    i.HAL_RCC_GetSysClockFreq  stm32f1xx_hal_rcc.o
    0x080022f4   0x080022f4   0x00000440   Code   RO         2428    i.HAL_RCC_OscConfig  stm32f1xx_hal_rcc.o
    0x08002734   0x08002734   0x00000002   Code   RO         2020    i.HAL_TIMEx_BreakCallback  stm32f1xx_hal_tim_ex.o
    0x08002736   0x08002736   0x00000002   Code   RO         2021    i.HAL_TIMEx_CommutationCallback  stm32f1xx_hal_tim_ex.o
    0x08002738   0x08002738   0x00000062   Code   RO         2037    i.HAL_TIMEx_MasterConfigSynchronization  stm32f1xx_hal_tim_ex.o
    0x0800279a   0x0800279a   0x00000034   Code   RO         1381    i.HAL_TIM_Base_Init  stm32f1xx_hal_tim.o
    0x080027ce   0x080027ce   0x00000002   PAD
    0x080027d0   0x080027d0   0x00000044   Code   RO          540    i.HAL_TIM_Base_MspInit  stm32f1xx_hal_msp.o
    0x08002814   0x08002814   0x0000001e   Code   RO         1386    i.HAL_TIM_Base_Start_IT  stm32f1xx_hal_tim.o
    0x08002832   0x08002832   0x00000132   Code   RO         1390    i.HAL_TIM_ConfigClockSource  stm32f1xx_hal_tim.o
    0x08002964   0x08002964   0x00000002   Code   RO         1410    i.HAL_TIM_IC_CaptureCallback  stm32f1xx_hal_tim.o
    0x08002966   0x08002966   0x00000196   Code   RO         1423    i.HAL_TIM_IRQHandler  stm32f1xx_hal_tim.o
    0x08002afc   0x08002afc   0x00000002   Code   RO         1426    i.HAL_TIM_OC_DelayElapsedCallback  stm32f1xx_hal_tim.o
    0x08002afe   0x08002afe   0x00000002   Code   RO         1453    i.HAL_TIM_PWM_PulseFinishedCallback  stm32f1xx_hal_tim.o
    0x08002b00   0x08002b00   0x0000010c   Code   RO          266    i.HAL_TIM_PeriodElapsedCallback  main.o
    0x08002c0c   0x08002c0c   0x00000002   Code   RO         1464    i.HAL_TIM_TriggerCallback  stm32f1xx_hal_tim.o
    0x08002c0e   0x08002c0e   0x00000004   Code   RO          445    i.HardFault_Handler  stm32f1xx_it.o
    0x08002c12   0x08002c12   0x00000002   PAD
    0x08002c14   0x08002c14   0x00000010   Code   RO          446    i.I2C1_EV_IRQHandler  stm32f1xx_it.o
    0x08002c24   0x08002c24   0x00000068   Code   RO          991    i.I2C_DMAAbort      stm32f1xx_hal_i2c.o
    0x08002c8c   0x08002c8c   0x00000032   Code   RO          992    i.I2C_DMAError      stm32f1xx_hal_i2c.o
    0x08002cbe   0x08002cbe   0x000000a6   Code   RO          993    i.I2C_DMAXferCplt   stm32f1xx_hal_i2c.o
    0x08002d64   0x08002d64   0x00000170   Code   RO          994    i.I2C_ITError       stm32f1xx_hal_i2c.o
    0x08002ed4   0x08002ed4   0x00000102   Code   RO          996    i.I2C_MasterReceive_BTF  stm32f1xx_hal_i2c.o
    0x08002fd6   0x08002fd6   0x000000de   Code   RO          997    i.I2C_MasterReceive_RXNE  stm32f1xx_hal_i2c.o
    0x080030b4   0x080030b4   0x000000a0   Code   RO         1000    i.I2C_MasterTransmit_BTF  stm32f1xx_hal_i2c.o
    0x08003154   0x08003154   0x0000014a   Code   RO         1001    i.I2C_MasterTransmit_TXE  stm32f1xx_hal_i2c.o
    0x0800329e   0x0800329e   0x0000000e   Code   RO         1002    i.I2C_Master_ADD10  stm32f1xx_hal_i2c.o
    0x080032ac   0x080032ac   0x00000246   Code   RO         1003    i.I2C_Master_ADDR   stm32f1xx_hal_i2c.o
    0x080034f2   0x080034f2   0x00000082   Code   RO         1004    i.I2C_Master_SB     stm32f1xx_hal_i2c.o
    0x08003574   0x08003574   0x0000001e   Code   RO         1007    i.I2C_SlaveReceive_BTF  stm32f1xx_hal_i2c.o
    0x08003592   0x08003592   0x00000048   Code   RO         1008    i.I2C_SlaveReceive_RXNE  stm32f1xx_hal_i2c.o
    0x080035da   0x080035da   0x0000001c   Code   RO         1009    i.I2C_SlaveTransmit_BTF  stm32f1xx_hal_i2c.o
    0x080035f6   0x080035f6   0x00000046   Code   RO         1010    i.I2C_SlaveTransmit_TXE  stm32f1xx_hal_i2c.o
    0x0800363c   0x0800363c   0x00000036   Code   RO         1011    i.I2C_Slave_ADDR    stm32f1xx_hal_i2c.o
    0x08003672   0x08003672   0x00000002   PAD
    0x08003674   0x08003674   0x00000110   Code   RO         1013    i.I2C_Slave_STOPF   stm32f1xx_hal_i2c.o
    0x08003784   0x08003784   0x0000005c   Code   RO          267    i.MX_ADC1_Init      main.o
    0x080037e0   0x080037e0   0x00000044   Code   RO          268    i.MX_DMA_Init       main.o
    0x08003824   0x08003824   0x000000ec   Code   RO          269    i.MX_GPIO_Init      main.o
    0x08003910   0x08003910   0x0000003c   Code   RO          270    i.MX_I2C1_Init      main.o
    0x0800394c   0x0800394c   0x0000006c   Code   RO          271    i.MX_TIM3_Init      main.o
    0x080039b8   0x080039b8   0x00000004   Code   RO          447    i.MemManage_Handler  stm32f1xx_it.o
    0x080039bc   0x080039bc   0x00000002   Code   RO          448    i.NMI_Handler       stm32f1xx_it.o
    0x080039be   0x080039be   0x00000002   PAD
    0x080039c0   0x080039c0   0x00000010   Code   RO         2734    i.NVIC_GetPriorityGrouping  stm32f1xx_hal_cortex.o
    0x080039d0   0x080039d0   0x00000028   Code   RO         2735    i.NVIC_SetPriority  stm32f1xx_hal_cortex.o
    0x080039f8   0x080039f8   0x00000028   Code   RO         2429    i.RCC_Delay         stm32f1xx_hal_rcc.o
    0x08003a20   0x08003a20   0x0000057c   Code   RO          272    i.StartButtonsTask  main.o
    0x08003f9c   0x08003f9c   0x00000014   Code   RO          273    i.StartDefaultTask  main.o
    0x08003fb0   0x08003fb0   0x00000034   Code   RO         4229    i.SysTick_Handler   port.o
    0x08003fe4   0x08003fe4   0x00000084   Code   RO          274    i.SystemClock_Config  main.o
    0x08004068   0x08004068   0x00000058   Code   RO         3176    i.SystemInit        system_stm32f1xx.o
    0x080040c0   0x080040c0   0x00000010   Code   RO          449    i.TIM3_IRQHandler   stm32f1xx_it.o
    0x080040d0   0x080040d0   0x00000010   Code   RO          450    i.TIM4_IRQHandler   stm32f1xx_it.o
    0x080040e0   0x080040e0   0x00000074   Code   RO         1465    i.TIM_Base_SetConfig  stm32f1xx_hal_tim.o
    0x08004154   0x08004154   0x00000018   Code   RO         1472    i.TIM_ETR_SetConfig  stm32f1xx_hal_tim.o
    0x0800416c   0x0800416c   0x00000014   Code   RO         1473    i.TIM_ITRx_SetConfig  stm32f1xx_hal_tim.o
    0x08004180   0x08004180   0x0000002a   Code   RO         1479    i.TIM_TI1_ConfigInputStage  stm32f1xx_hal_tim.o
    0x080041aa   0x080041aa   0x0000002c   Code   RO         1481    i.TIM_TI2_ConfigInputStage  stm32f1xx_hal_tim.o
    0x080041d6   0x080041d6   0x00000004   Code   RO          451    i.UsageFault_Handler  stm32f1xx_it.o
    0x080041da   0x080041da   0x00000002   PAD
    0x080041dc   0x080041dc   0x00000028   Code   RO         4619    i.__0sprintf$6      mc_w.l(printf6.o)
    0x08004204   0x08004204   0x0000000e   Code   RO         4785    i.__scatterload_copy  mc_w.l(handlers.o)
    0x08004212   0x08004212   0x00000002   Code   RO         4786    i.__scatterload_null  mc_w.l(handlers.o)
    0x08004214   0x08004214   0x0000000e   Code   RO         4787    i.__scatterload_zeroinit  mc_w.l(handlers.o)
    0x08004222   0x08004222   0x00000002   PAD
    0x08004224   0x08004224   0x000002f0   Code   RO         4624    i._printf_core      mc_w.l(printf6.o)
    0x08004514   0x08004514   0x00000024   Code   RO         4625    i._printf_post_padding  mc_w.l(printf6.o)
    0x08004538   0x08004538   0x0000002e   Code   RO         4626    i._printf_pre_padding  mc_w.l(printf6.o)
    0x08004566   0x08004566   0x0000000a   Code   RO         4628    i._sputc            mc_w.l(printf6.o)
    0x08004570   0x08004570   0x00000034   Code   RO           21    i.cursorShift       hd44780.o
    0x080045a4   0x080045a4   0x0000002c   Code   RO           22    i.lcd10usDelay      hd44780.o
    0x080045d0   0x080045d0   0x00000020   Code   RO           24    i.lcdClrScr         hd44780.o
    0x080045f0   0x080045f0   0x00000040   Code   RO           25    i.lcdConfig         hd44780.o
    0x08004630   0x08004630   0x0000005c   Code   RO           28    i.lcdGoto           hd44780.o
    0x0800468c   0x0800468c   0x00000002   Code   RO           29    i.lcdGpioInit       hd44780.o
    0x0800468e   0x0800468e   0x00000002   PAD
    0x08004690   0x08004690   0x00000088   Code   RO           30    i.lcdHigh           hd44780.o
    0x08004718   0x08004718   0x0000003e   Code   RO           31    i.lcdInit           hd44780.o
    0x08004756   0x08004756   0x00000002   PAD
    0x08004758   0x08004758   0x00000088   Code   RO           34    i.lcdLow            hd44780.o
    0x080047e0   0x080047e0   0x00000024   Code   RO           37    i.lcdPutc           hd44780.o
    0x08004804   0x08004804   0x0000004c   Code   RO           38    i.lcdPuts           hd44780.o
    0x08004850   0x08004850   0x00000020   Code   RO           39    i.lcdReturn         hd44780.o
    0x08004870   0x08004870   0x0000001c   Code   RO           41    i.lcdSetMode        hd44780.o
    0x0800488c   0x0800488c   0x00000028   Code   RO           42    i.lcdStrobe         hd44780.o
    0x080048b4   0x080048b4   0x00000020   Code   RO           43    i.lcdWrite          hd44780.o
    0x080048d4   0x080048d4   0x00000060   Code   RO          275    i.main              main.o
    0x08004934   0x08004934   0x0000000e   Code   RO         3794    i.makeFreeRtosPriority  cmsis_os.o
    0x08004942   0x08004942   0x00000018   Code   RO         3796    i.osDelay           cmsis_os.o
    0x0800495a   0x0800495a   0x0000000a   Code   RO         3799    i.osKernelStart     cmsis_os.o
    0x08004964   0x08004964   0x00000030   Code   RO         3833    i.osThreadCreate    cmsis_os.o
    0x08004994   0x08004994   0x00000098   Code   RO         3499    i.prvAddCurrentTaskToDelayedList  tasks.o
    0x08004a2c   0x08004a2c   0x000000b4   Code   RO         3500    i.prvAddNewTaskToReadyList  tasks.o
    0x08004ae0   0x08004ae0   0x00000064   Code   RO         3501    i.prvCheckTasksWaitingTermination  tasks.o
    0x08004b44   0x08004b44   0x00000012   Code   RO         3502    i.prvDeleteTCB      tasks.o
    0x08004b56   0x08004b56   0x00000002   PAD
    0x08004b58   0x08004b58   0x0000007c   Code   RO         4167    i.prvHeapInit       heap_4.o
    0x08004bd4   0x08004bd4   0x00000028   Code   RO         3503    i.prvIdleTask       tasks.o
    0x08004bfc   0x08004bfc   0x000000aa   Code   RO         3504    i.prvInitialiseNewTask  tasks.o
    0x08004ca6   0x08004ca6   0x00000002   PAD
    0x08004ca8   0x08004ca8   0x00000068   Code   RO         3505    i.prvInitialiseTaskLists  tasks.o
    0x08004d10   0x08004d10   0x00000068   Code   RO         4168    i.prvInsertBlockIntoFreeList  heap_4.o
    0x08004d78   0x08004d78   0x00000034   Code   RO         3506    i.prvResetNextTaskUnblockTime  tasks.o
    0x08004dac   0x08004dac   0x00000040   Code   RO         4230    i.prvTaskExitError  port.o
    0x08004dec   0x08004dec   0x0000013c   Code   RO         4169    i.pvPortMalloc      heap_4.o
    0x08004f28   0x08004f28   0x00000024   Code   RO         4231    i.pxPortInitialiseStack  port.o
    0x08004f4c   0x08004f4c   0x00000028   Code   RO         3307    i.uxListRemove      list.o
    0x08004f74   0x08004f74   0x0000001a   Code   RO         3308    i.vListInitialise   list.o
    0x08004f8e   0x08004f8e   0x00000006   Code   RO         3309    i.vListInitialiseItem  list.o
    0x08004f94   0x08004f94   0x00000034   Code   RO         3310    i.vListInsert       list.o
    0x08004fc8   0x08004fc8   0x00000018   Code   RO         3311    i.vListInsertEnd    list.o
    0x08004fe0   0x08004fe0   0x00000054   Code   RO         4233    i.vPortEnterCritical  port.o
    0x08005034   0x08005034   0x0000003c   Code   RO         4234    i.vPortExitCritical  port.o
    0x08005070   0x08005070   0x00000094   Code   RO         4170    i.vPortFree         heap_4.o
    0x08005104   0x08005104   0x00000020   Code   RO         4235    i.vPortSetupTimerInterrupt  port.o
    0x08005124   0x08005124   0x0000005c   Code   RO         3514    i.vTaskDelay        tasks.o
    0x08005180   0x08005180   0x00000088   Code   RO         3525    i.vTaskStartScheduler  tasks.o
    0x08005208   0x08005208   0x00000010   Code   RO         3527    i.vTaskSuspendAll   tasks.o
    0x08005218   0x08005218   0x0000008c   Code   RO         3528    i.vTaskSwitchContext  tasks.o
    0x080052a4   0x080052a4   0x000000a0   Code   RO         4237    i.xPortStartScheduler  port.o
    0x08005344   0x08005344   0x00000060   Code   RO         3530    i.xTaskCreate       tasks.o
    0x080053a4   0x080053a4   0x00000148   Code   RO         3537    i.xTaskIncrementTick  tasks.o
    0x080054ec   0x080054ec   0x00000104   Code   RO         3543    i.xTaskResumeAll    tasks.o
    0x080055f0   0x080055f0   0x00000100   Data   RO           10    .constdata          sine.o
    0x080056f0   0x080056f0   0x00000030   Data   RO          277    .constdata          main.o
    0x08005720   0x08005720   0x00000018   Data   RO         3177    .constdata          system_stm32f1xx.o
    0x08005738   0x08005738   0x00000018   Data   RO         4327    .constdata          eventrecorder.o
    0x08005750   0x08005750   0x00000018   Data   RO          278    .conststring        main.o
    0x08005768   0x08005768   0x00000020   Data   RO         4783    Region$$Table       anon$$obj.o


    Execution Region RW_IRAM1 (Exec base: 0x20000000, Load base: 0x08005788, Size: 0x000019e8, Max: 0x00005000, ABSOLUTE)

    Exec Addr    Load Addr    Size         Type   Attr      Idx    E Section Name        Object

    0x20000000   0x08005788   0x0000002c   Data   RW          279    .data               main.o
    0x2000002c   0x080057b4   0x00000009   Data   RW         2276    .data               stm32f1xx_hal.o
    0x20000035   0x080057bd   0x00000003   PAD
    0x20000038   0x080057c0   0x00000004   Data   RW         3178    .data               system_stm32f1xx.o
    0x2000003c   0x080057c4   0x0000003c   Data   RW         3546    .data               tasks.o
    0x20000078   0x08005800   0x00000018   Data   RW         4175    .data               heap_4.o
    0x20000090   0x08005818   0x0000000c   Data   RW         4238    .data               port.o
    0x2000009c        -       0x0000035c   Zero   RW          276    .bss                main.o
    0x200003f8        -       0x00000040   Zero   RW          598    .bss                stm32f1xx_hal_timebase_tim.o
    0x20000438        -       0x000000f0   Zero   RW         3545    .bss                tasks.o
    0x20000528        -       0x00000c00   Zero   RW         4174    .bss                heap_4.o
    0x20001128   0x08005824   0x00000018   PAD
    0x20001140        -       0x000004a4   Zero   RW         4326    .bss.noinit         eventrecorder.o
    0x200015e4   0x08005824   0x00000004   PAD
    0x200015e8        -       0x00000400   Zero   RW            1    STACK               startup_stm32f103xb.o


==============================================================================

Image component sizes


      Code (inc. data)   RO Data    RW Data    ZI Data      Debug   Object Name

        96          0          0          0          0      12215   cmsis_os.o
         0          0          0          0          0       9504   event_groups.o
         0          0         24          0       1188       3908   eventrecorder.o
       864         64          0          0          0     455973   hd44780.o
       692         62          0         24       3072       7095   heap_4.o
       148          0          0          0          0       3294   list.o
      2490        254         72         44        860      29147   main.o
       638         66          0         12          0       9996   port.o
         0          0        256          0          0       1842   sine.o
        36          8        236          0       1024        780   startup_stm32f103xb.o
        76         20          0          9          0       4506   stm32f1xx_hal.o
      1864         62          0          0          0       7923   stm32f1xx_hal_adc.o
         2          0          0          0          0       1037   stm32f1xx_hal_adc_ex.o
       246         22          0          0          0      25350   stm32f1xx_hal_cortex.o
       892         12          0          0          0       4062   stm32f1xx_hal_dma.o
       816         32          0          0          0       3149   stm32f1xx_hal_gpio.o
      4048         58          0          0          0      20236   stm32f1xx_hal_i2c.o
       540         60          0          0          0       2881   stm32f1xx_hal_msp.o
      1884        118          0          0          0       6381   stm32f1xx_hal_rcc.o
       592         48          0          0          0       2341   stm32f1xx_hal_rcc_ex.o
      1048         14          0          0          0       8735   stm32f1xx_hal_tim.o
       102          0          0          0          0       2166   stm32f1xx_hal_tim_ex.o
       136         18          0          0         64       1375   stm32f1xx_hal_timebase_tim.o
       116         36          0          0          0       5028   stm32f1xx_it.o
        88         18         24          4          0       1091   system_stm32f1xx.o
      1884        270          0         60        240      14889   tasks.o

    ----------------------------------------------------------------------
     19328       1242        644        156       6476     644904   Object Totals
         0          0         32          0          0          0   (incl. Generated)
        30          0          0          3         28          0   (incl. Padding)

    ----------------------------------------------------------------------

      Code (inc. data)   RO Data    RW Data    ZI Data      Debug   Library Member Name

         0          0          0          0          0          0   entry.o
         0          0          0          0          0          0   entry10a.o
         0          0          0          0          0          0   entry11a.o
         8          4          0          0          0          0   entry2.o
         4          0          0          0          0          0   entry5.o
         0          0          0          0          0          0   entry7b.o
         0          0          0          0          0          0   entry8b.o
         8          4          0          0          0          0   entry9a.o
        30          0          0          0          0          0   handlers.o
        36          8          0          0          0         68   init.o
         0          0          0          0          0          0   iusefp.o
        30          0          0          0          0         68   llshl.o
        36          0          0          0          0         68   llsshr.o
        32          0          0          0          0         68   llushr.o
        36          0          0          0          0         68   memcpya.o
        36          0          0          0          0        108   memseta.o
       884         10          0          0          0        420   printf6.o
        44          0          0          0          0         80   uidiv.o
        48          0          0          0          0         68   cdcmple.o
        48          0          0          0          0         68   cdrcmple.o
        56          0          0          0          0         88   d2f.o
       334          0          0          0          0        148   dadd.o
       186          0          0          0          0        176   depilogue.o
        50          0          0          0          0         76   dfixui.o
       228          0          0          0          0         96   dmul.o
        38          0          0          0          0         68   f2d.o
       110          0          0          0          0        168   fepilogue.o
        40          0          0          0          0         68   ffixui.o
        10          0          0          0          0         68   ffltui.o
       100          0          0          0          0         76   fmul.o

    ----------------------------------------------------------------------
      2436         26          0          0          0       2116   Library Totals
         4          0          0          0          0          0   (incl. Padding)

    ----------------------------------------------------------------------

      Code (inc. data)   RO Data    RW Data    ZI Data      Debug   Library Name

      1184         26          0          0          0        948   mc_w.l
      1248          0          0          0          0       1168   mf_w.l

    ----------------------------------------------------------------------
      2436         26          0          0          0       2116   Library Totals

    ----------------------------------------------------------------------

==============================================================================


      Code (inc. data)   RO Data    RW Data    ZI Data      Debug   

     21764       1268        644        156       6476     637812   Grand Totals
     21764       1268        644        156       6476     637812   ELF Image Totals
     21764       1268        644        156          0          0   ROM Totals

==============================================================================

    Total RO  Size (Code + RO Data)                22408 (  21.88kB)
    Total RW  Size (RW Data + ZI Data)              6632 (   6.48kB)
    Total ROM Size (Code + RO Data + RW Data)      22564 (  22.04kB)

==============================================================================

